******************************************************************************
             TMS320C2000 Linker PC v18.1.4                     
******************************************************************************
>> Linked Mon Jul 12 08:14:22 2021

OUTPUT FILE NAME:   <M28_HT.out>
ENTRY POINT SYMBOL: "_c_int00"  address: 0031b425


MEMORY CONFIGURATION

         name            origin    length      used     unused   attr    fill
----------------------  --------  ---------  --------  --------  ----  --------
PAGE 0:
  RAMM0M1               00000000   00000800  00000400  00000400  RWIX
  DEV_EMU               00000880   00000180  000000d0  000000b0  RWIX
  FLASH_REGS            00000a80   00000060  00000008  00000058  RWIX
  CSM                   00000ae0   00000010  00000010  00000000  RWIX
  ADC_MIRROR            00000b00   00000010  00000010  00000000  RWIX
  XINTF                 00000b20   00000020  0000001e  00000002  RWIX
  CPU_TIMER0            00000c00   00000008  00000008  00000000  RWIX
  CPU_TIMER1            00000c08   00000008  00000008  00000000  RWIX
  CPU_TIMER2            00000c10   00000008  00000008  00000000  RWIX
  PIE_CTRL              00000ce0   00000020  0000001a  00000006  RWIX
  PIE_VECT              00000d00   00000100  00000100  00000000  RWIX
  DMA                   00001000   00000200  000000e0  00000120  RWIX
  MCBSPA                00005000   00000040  00000025  0000001b  RWIX
  MCBSPB                00005040   00000040  00000025  0000001b  RWIX
  ECANA                 00006000   00000040  00000034  0000000c  RWIX
  ECANA_LAM             00006040   00000040  00000040  00000000  RWIX
  ECANA_MOTS            00006080   00000040  00000040  00000000  RWIX
  ECANA_MOTO            000060c0   00000040  00000040  00000000  RWIX
  ECANA_MBOX            00006100   00000100  00000100  00000000  RWIX
  ECANB                 00006200   00000040  00000034  0000000c  RWIX
  ECANB_LAM             00006240   00000040  00000040  00000000  RWIX
  ECANB_MOTS            00006280   00000040  00000040  00000000  RWIX
  ECANB_MOTO            000062c0   00000040  00000040  00000000  RWIX
  ECANB_MBOX            00006300   00000100  00000100  00000000  RWIX
  EPWM1                 00006800   00000022  00000022  00000000  RWIX
  EPWM2                 00006840   00000022  00000022  00000000  RWIX
  EPWM3                 00006880   00000022  00000022  00000000  RWIX
  EPWM4                 000068c0   00000022  00000022  00000000  RWIX
  EPWM5                 00006900   00000022  00000022  00000000  RWIX
  EPWM6                 00006940   00000022  00000022  00000000  RWIX
  ECAP1                 00006a00   00000020  00000020  00000000  RWIX
  ECAP2                 00006a20   00000020  00000020  00000000  RWIX
  ECAP3                 00006a40   00000020  00000020  00000000  RWIX
  ECAP4                 00006a60   00000020  00000020  00000000  RWIX
  ECAP5                 00006a80   00000020  00000020  00000000  RWIX
  ECAP6                 00006aa0   00000020  00000020  00000000  RWIX
  EQEP1                 00006b00   00000040  00000040  00000000  RWIX
  EQEP2                 00006b40   00000040  00000040  00000000  RWIX
  GPIOCTRL              00006f80   00000040  0000002e  00000012  RWIX
  GPIODAT               00006fc0   00000020  00000020  00000000  RWIX
  GPIOINT               00006fe0   00000020  0000000a  00000016  RWIX
  SYSTEM                00007010   00000020  00000020  00000000  RWIX
  SPIA                  00007040   00000010  00000010  00000000  RWIX
  SCIA                  00007050   00000010  00000010  00000000  RWIX
  XINTRUPT              00007070   00000010  00000010  00000000  RWIX
  ADC                   00007100   00000020  0000001e  00000002  RWIX
  SCIB                  00007750   00000010  00000010  00000000  RWIX
  SCIC                  00007770   00000010  00000010  00000000  RWIX
  I2CA                  00007900   00000040  00000022  0000001e  RWIX
  RAML0                 00008000   00000600  000003b1  0000024f  RWIX
  RAML1L7               00008600   00005800  00005760  000000a0  RWIX
  RAML1L7_1             0000de00   00000800  00000720  000000e0  RWIX
  RAML1L7_2             0000e600   00001a00  00001340  000006c0  RWIX
  ZONE7                 00200000   00040000  00033eac  0000c154  RWIX
  FLASH                 00300000   0002fd00  000234a7  0000c859  RWIX
  SYSTEM_INFO           0032fd00   00000200  000000e0  00000120  RWIX
  CODE_START1           0032fffe   00000002  00000002  00000000  RWIX
  CSM_RSVD              0033ff80   00000076  00000000  00000076  RWIX
  BEGIN                 0033fff6   00000002  00000000  00000002  RWIX
  CSM_PWL               0033fff8   00000008  00000000  00000008  RWIX
  ADC_CAL               00380080   00000009  00000007  00000002  RWIX
  PARTID                00380090   00000001  00000001  00000000  RWIX
  OTP                   00380400   00000400  00000000  00000400  RWIX
  IQTABLES              003fe000   00000b50  00000b50  00000000  RWIX
  IQTABLES2             003feb50   0000008c  00000000  0000008c  RWIX
  FPUTABLES             003febdc   000006a0  00000000  000006a0  RWIX
  RESET                 003fffc0   00000002  00000000  00000002  RWIX
  VECTORS               003fffc2   0000003e  00000000  0000003e  RWIX

PAGE 1:
  CSM_PWL               0033fff8   00000008  00000008  00000000  RWIX


SECTION ALLOCATION MAP

 output                                  attributes/
section   page    origin      length       input sections
--------  ----  ----------  ----------   ----------------
.cinit     0    00322e1c    00000654     
                  00322e1c    000001bc     temper_common.obj (.cinit)
                  00322fd8    000000b7     tasknet_master.obj (.cinit)
                  0032308f    0000008f     tasknet_PC.obj (.cinit)
                  0032311e    00000077     task_ethercatmaster.obj (.cinit)
                  00323195    00000070     tasknet_HMI.obj (.cinit)
                  00323205    00000043     firmware_28335.lib : eeprom.obj (.cinit)
                  00323248    00000040     kernel_28335.lib : ethercatmaster.obj (.cinit)
                  00323288    0000002a     drive_28335.lib : _ax88796b.obj (.cinit)
                  003232b2    0000002a     rts2800_fpu32.lib : defs.c.obj (.cinit)
                  003232dc    00000029                       : write.c.obj (.cinit)
                  00323305    00000022     taskEtherCATMaster_app.obj (.cinit)
                  00323327    00000021     firmware_28335.lib : ethernet.obj (.cinit)
                  00323348    0000001e     main.obj (.cinit)
                  00323366    0000001a     drive_28335.lib : _timer_28335.obj (.cinit)
                  00323380    00000015                     : _eCan_28335.obj (.cinit)
                  00323395    00000014     CommComp_Driver.obj (.cinit)
                  003233a9    00000013     Rexroth.obj (.cinit)
                  003233bc    00000012     CommComp_PwmtrCard.obj (.cinit)
                  003233ce    00000010     drive_28335.lib : _io.obj (.cinit)
                  003233de    0000000f                     : _led_28335.obj (.cinit)
                  003233ed    0000000e     rts2800_fpu32.lib : exit.c.obj (.cinit)
                  003233fb    0000000d     task.obj (.cinit)
                  00323408    0000000c     initial.obj (.cinit)
                  00323414    0000000c     temper_alg.obj (.cinit)
                  00323420    0000000b     taskio.obj (.cinit)
                  0032342b    00000006     CommComp_HTRobot.obj (.cinit)
                  00323431    00000005     DSP2833x_TI.lib : DSP2833x_DefaultIsr.obj (.cinit)
                  00323436    00000005     rts2800_fpu32.lib : _lock.c.obj (.cinit:__lock)
                  0032343b    00000005                       : _lock.c.obj (.cinit:__unlock)
                  00323440    00000005     drive_28335.lib : _spi.obj (.cinit)
                  00323445    00000005     tasknet.obj (.cinit)
                  0032344a    00000004     CommComp_CANOpenMaster.obj (.cinit)
                  0032344e    00000004     CommComp_RemoteIO.obj (.cinit)
                  00323452    00000004     CommComp_TemperCard.obj (.cinit)
                  00323456    00000004     drive_28335.lib : _ltc1864_28335.obj (.cinit)
                  0032345a    00000004     kernel_28335.lib : ethercatmaster_Sync.obj (.cinit)
                  0032345e    00000004     rts2800_fpu32.lib : errno.c.obj (.cinit)
                  00323462    00000004                       : fopen.c.obj (.cinit)
                  00323466    00000004                       : memory.c.obj (.cinit)
                  0032346a    00000004                       : open.c.obj (.cinit)
                  0032346e    00000002     --HOLE-- [fill = 0]

.pinit     0    00300000    00000000     UNINITIALIZED

ramfuncs   0    00300000    00000355     RUN ADDR = 00008000
                  00300000    000002bd     kernel_28335.lib : memory_manager.obj (ramfuncs)
                  003002bd    00000079     main.obj (ramfuncs)
                  00300336    0000001b     DSP2833x_TI.lib : DSP2833x_SysCtrl.obj (ramfuncs)
                  00300351    00000004                     : DSP2833x_usDelay.obj (ramfuncs)

codestart1 
*          0    0032fffe    00000002     
                  0032fffe    00000002     DSP2833x_CodeStartBranch.obj (codestart1)

.stack     0    00000000    00000400     UNINITIALIZED
                  00000000    00000400     --HOLE--

DevEmuRegsFile 
*          0    00000880    000000d0     UNINITIALIZED
                  00000880    000000d0     DSP2833x_TI.lib : DSP2833x_GlobalVariableDefs.obj (DevEmuRegsFile)

FlashRegsFile 
*          0    00000a80    00000008     UNINITIALIZED
                  00000a80    00000008     DSP2833x_TI.lib : DSP2833x_GlobalVariableDefs.obj (FlashRegsFile)

CsmRegsFile 
*          0    00000ae0    00000010     UNINITIALIZED
                  00000ae0    00000010     DSP2833x_TI.lib : DSP2833x_GlobalVariableDefs.obj (CsmRegsFile)

AdcMirrorFile 
*          0    00000b00    00000010     UNINITIALIZED
                  00000b00    00000010     DSP2833x_TI.lib : DSP2833x_GlobalVariableDefs.obj (AdcMirrorFile)

XintfRegsFile 
*          0    00000b20    0000001e     UNINITIALIZED
                  00000b20    0000001e     DSP2833x_TI.lib : DSP2833x_GlobalVariableDefs.obj (XintfRegsFile)

CpuTimer0RegsFile 
*          0    00000c00    00000008     UNINITIALIZED
                  00000c00    00000008     DSP2833x_TI.lib : DSP2833x_GlobalVariableDefs.obj (CpuTimer0RegsFile)

CpuTimer1RegsFile 
*          0    00000c08    00000008     UNINITIALIZED
                  00000c08    00000008     DSP2833x_TI.lib : DSP2833x_GlobalVariableDefs.obj (CpuTimer1RegsFile)

CpuTimer2RegsFile 
*          0    00000c10    00000008     UNINITIALIZED
                  00000c10    00000008     DSP2833x_TI.lib : DSP2833x_GlobalVariableDefs.obj (CpuTimer2RegsFile)

PieCtrlRegsFile 
*          0    00000ce0    0000001a     UNINITIALIZED
                  00000ce0    0000001a     DSP2833x_TI.lib : DSP2833x_GlobalVariableDefs.obj (PieCtrlRegsFile)

PieVectTableFile 
*          0    00000d00    00000100     UNINITIALIZED
                  00000d00    00000100     DSP2833x_TI.lib : DSP2833x_GlobalVariableDefs.obj (PieVectTableFile)

DmaRegsFile 
*          0    00001000    000000e0     UNINITIALIZED
                  00001000    000000e0     DSP2833x_TI.lib : DSP2833x_GlobalVariableDefs.obj (DmaRegsFile)

McbspaRegsFile 
*          0    00005000    00000025     UNINITIALIZED
                  00005000    00000025     DSP2833x_TI.lib : DSP2833x_GlobalVariableDefs.obj (McbspaRegsFile)

McbspbRegsFile 
*          0    00005040    00000025     UNINITIALIZED
                  00005040    00000025     DSP2833x_TI.lib : DSP2833x_GlobalVariableDefs.obj (McbspbRegsFile)

ECanbRegsFile 
*          0    00006000    00000034     UNINITIALIZED
                  00006000    00000034     DSP2833x_TI.lib : DSP2833x_GlobalVariableDefs.obj (ECanbRegsFile)

ECanbLAMRegsFile 
*          0    00006040    00000040     UNINITIALIZED
                  00006040    00000040     DSP2833x_TI.lib : DSP2833x_GlobalVariableDefs.obj (ECanbLAMRegsFile)

ECanbMOTSRegsFile 
*          0    00006080    00000040     UNINITIALIZED
                  00006080    00000040     DSP2833x_TI.lib : DSP2833x_GlobalVariableDefs.obj (ECanbMOTSRegsFile)

ECanbMOTORegsFile 
*          0    000060c0    00000040     UNINITIALIZED
                  000060c0    00000040     DSP2833x_TI.lib : DSP2833x_GlobalVariableDefs.obj (ECanbMOTORegsFile)

ECanbMboxesFile 
*          0    00006100    00000100     UNINITIALIZED
                  00006100    00000100     DSP2833x_TI.lib : DSP2833x_GlobalVariableDefs.obj (ECanbMboxesFile)

ECanaRegsFile 
*          0    00006200    00000034     UNINITIALIZED
                  00006200    00000034     DSP2833x_TI.lib : DSP2833x_GlobalVariableDefs.obj (ECanaRegsFile)

ECanaLAMRegsFile 
*          0    00006240    00000040     UNINITIALIZED
                  00006240    00000040     DSP2833x_TI.lib : DSP2833x_GlobalVariableDefs.obj (ECanaLAMRegsFile)

ECanaMOTSRegsFile 
*          0    00006280    00000040     UNINITIALIZED
                  00006280    00000040     DSP2833x_TI.lib : DSP2833x_GlobalVariableDefs.obj (ECanaMOTSRegsFile)

ECanaMOTORegsFile 
*          0    000062c0    00000040     UNINITIALIZED
                  000062c0    00000040     DSP2833x_TI.lib : DSP2833x_GlobalVariableDefs.obj (ECanaMOTORegsFile)

ECanaMboxesFile 
*          0    00006300    00000100     UNINITIALIZED
                  00006300    00000100     DSP2833x_TI.lib : DSP2833x_GlobalVariableDefs.obj (ECanaMboxesFile)

EPwm1RegsFile 
*          0    00006800    00000022     UNINITIALIZED
                  00006800    00000022     DSP2833x_TI.lib : DSP2833x_GlobalVariableDefs.obj (EPwm1RegsFile)

EPwm2RegsFile 
*          0    00006840    00000022     UNINITIALIZED
                  00006840    00000022     DSP2833x_TI.lib : DSP2833x_GlobalVariableDefs.obj (EPwm2RegsFile)

EPwm3RegsFile 
*          0    00006880    00000022     UNINITIALIZED
                  00006880    00000022     DSP2833x_TI.lib : DSP2833x_GlobalVariableDefs.obj (EPwm3RegsFile)

EPwm4RegsFile 
*          0    000068c0    00000022     UNINITIALIZED
                  000068c0    00000022     DSP2833x_TI.lib : DSP2833x_GlobalVariableDefs.obj (EPwm4RegsFile)

EPwm5RegsFile 
*          0    00006900    00000022     UNINITIALIZED
                  00006900    00000022     DSP2833x_TI.lib : DSP2833x_GlobalVariableDefs.obj (EPwm5RegsFile)

EPwm6RegsFile 
*          0    00006940    00000022     UNINITIALIZED
                  00006940    00000022     DSP2833x_TI.lib : DSP2833x_GlobalVariableDefs.obj (EPwm6RegsFile)

ECap1RegsFile 
*          0    00006a00    00000020     UNINITIALIZED
                  00006a00    00000020     DSP2833x_TI.lib : DSP2833x_GlobalVariableDefs.obj (ECap1RegsFile)

ECap2RegsFile 
*          0    00006a20    00000020     UNINITIALIZED
                  00006a20    00000020     DSP2833x_TI.lib : DSP2833x_GlobalVariableDefs.obj (ECap2RegsFile)

ECap3RegsFile 
*          0    00006a40    00000020     UNINITIALIZED
                  00006a40    00000020     DSP2833x_TI.lib : DSP2833x_GlobalVariableDefs.obj (ECap3RegsFile)

ECap4RegsFile 
*          0    00006a60    00000020     UNINITIALIZED
                  00006a60    00000020     DSP2833x_TI.lib : DSP2833x_GlobalVariableDefs.obj (ECap4RegsFile)

ECap5RegsFile 
*          0    00006a80    00000020     UNINITIALIZED
                  00006a80    00000020     DSP2833x_TI.lib : DSP2833x_GlobalVariableDefs.obj (ECap5RegsFile)

ECap6RegsFile 
*          0    00006aa0    00000020     UNINITIALIZED
                  00006aa0    00000020     DSP2833x_TI.lib : DSP2833x_GlobalVariableDefs.obj (ECap6RegsFile)

EQep1RegsFile 
*          0    00006b00    00000040     UNINITIALIZED
                  00006b00    00000040     DSP2833x_TI.lib : DSP2833x_GlobalVariableDefs.obj (EQep1RegsFile)

EQep2RegsFile 
*          0    00006b40    00000040     UNINITIALIZED
                  00006b40    00000040     DSP2833x_TI.lib : DSP2833x_GlobalVariableDefs.obj (EQep2RegsFile)

GpioCtrlRegsFile 
*          0    00006f80    0000002e     UNINITIALIZED
                  00006f80    0000002e     DSP2833x_TI.lib : DSP2833x_GlobalVariableDefs.obj (GpioCtrlRegsFile)

GpioDataRegsFile 
*          0    00006fc0    00000020     UNINITIALIZED
                  00006fc0    00000020     DSP2833x_TI.lib : DSP2833x_GlobalVariableDefs.obj (GpioDataRegsFile)

GpioIntRegsFile 
*          0    00006fe0    0000000a     UNINITIALIZED
                  00006fe0    0000000a     DSP2833x_TI.lib : DSP2833x_GlobalVariableDefs.obj (GpioIntRegsFile)

SysCtrlRegsFile 
*          0    00007010    00000020     UNINITIALIZED
                  00007010    00000020     DSP2833x_TI.lib : DSP2833x_GlobalVariableDefs.obj (SysCtrlRegsFile)

SpiaRegsFile 
*          0    00007040    00000010     UNINITIALIZED
                  00007040    00000010     DSP2833x_TI.lib : DSP2833x_GlobalVariableDefs.obj (SpiaRegsFile)

SciaRegsFile 
*          0    00007050    00000010     UNINITIALIZED
                  00007050    00000010     DSP2833x_TI.lib : DSP2833x_GlobalVariableDefs.obj (SciaRegsFile)

XIntruptRegsFile 
*          0    00007070    00000010     UNINITIALIZED
                  00007070    00000010     DSP2833x_TI.lib : DSP2833x_GlobalVariableDefs.obj (XIntruptRegsFile)

AdcRegsFile 
*          0    00007100    0000001e     UNINITIALIZED
                  00007100    0000001e     DSP2833x_TI.lib : DSP2833x_GlobalVariableDefs.obj (AdcRegsFile)

ScibRegsFile 
*          0    00007750    00000010     UNINITIALIZED
                  00007750    00000010     DSP2833x_TI.lib : DSP2833x_GlobalVariableDefs.obj (ScibRegsFile)

ScicRegsFile 
*          0    00007770    00000010     UNINITIALIZED
                  00007770    00000010     DSP2833x_TI.lib : DSP2833x_GlobalVariableDefs.obj (ScicRegsFile)

I2caRegsFile 
*          0    00007900    00000022     UNINITIALIZED
                  00007900    00000022     DSP2833x_TI.lib : DSP2833x_GlobalVariableDefs.obj (I2caRegsFile)

.ebss      0    00008600    000055e0     UNINITIALIZED
                  00008600    00000f38     task_ethercatmaster.obj (.ebss)
                  00009538    00000008     initial.obj (.ebss)
                  00009540    00000b6c     CommComp_RemoteIO.obj (.ebss)
                  0000a0ac    00000012     main.obj (.ebss)
                  0000a0be    00000002     DSP2833x_TI.lib : DSP2833x_DefaultIsr.obj (.ebss)
                  0000a0c0    00000830     tasknet_HMI.obj (.ebss)
                  0000a8f0    00000010     drive_28335.lib : _adc_28335.obj (.ebss)
                  0000a900    000005f0     CommComp_EtherCat.obj (.ebss)
                  0000aef0    00000010     kernel_28335.lib : ethercatmaster.obj (.ebss)
                  0000af00    000004a8     CommComp_Factory.obj (.ebss)
                  0000b3a8    00000018     DSP2833x_TI.lib : DSP2833x_CpuTimers.obj (.ebss)
                  0000b3c0    00000488     tasknet_master.obj (.ebss)
                  0000b848    0000002a     CommComp_CANOpenMaster.obj (.ebss)
                  0000b872    0000000e     drive_28335.lib : _led_28335.obj (.ebss)
                  0000b880    00000440     temper_common.obj (.ebss)
                  0000bcc0    00000400     CANOpenCommon.obj (.ebss)
                  0000c0c0    00000278     CommComp_turntable.obj (.ebss)
                  0000c338    00000008     rts2800_fpu32.lib : hostopen.c.obj (.ebss)
                  0000c340    0000025a     tasknet_PC.obj (.ebss)
                  0000c59a    0000001e     drive_28335.lib : _io.obj (.ebss)
                  0000c5b8    00000008     rts2800_fpu32.lib : memory.c.obj (.ebss)
                  0000c5c0    00000240     CommComp_TemperCard.obj (.ebss)
                  0000c800    000001e4     taskEtherCATMaster_app.obj (.ebss)
                  0000c9e4    0000001c     Task_Led.obj (.ebss)
                  0000ca00    000001d4     CommComp_Driver.obj (.ebss)
                  0000cbd4    0000000e     drive_28335.lib : _timer_28335.obj (.ebss)
                  0000cbe2    0000000d                     : _ltc1864_28335.obj (.ebss)
                  0000cbef    00000001     kernel_28335.lib : ethercatmaster_Sync.obj (.ebss)
                  0000cbf0    00000006                      : tftp_server.obj (.ebss)
                  0000cbf6    00000006     rts2800_fpu32.lib : exit.c.obj (.ebss)
                  0000cbfc    00000004     Error_App.obj (.ebss)
                  0000cc00    000001b8     GeneralRW.obj (.ebss)
                  0000cdb8    00000004     drive_28335.lib : _spi.obj (.ebss)
                  0000cdbc    00000004     kernel_28335.lib : memory_manager.obj (.ebss)
                  0000cdc0    00000160     rts2800_fpu32.lib : defs.c.obj (.ebss)
                  0000cf20    00000003     tasknet.obj (.ebss)
                  0000cf23    00000003     temper_alg.obj (.ebss)
                  0000cf26    00000002     rts2800_fpu32.lib : _lock.c.obj (.ebss:__lock)
                  0000cf28    00000002                       : _lock.c.obj (.ebss:__unlock)
                  0000cf2a    00000001                       : errno.c.obj (.ebss)
                  0000cf2b    00000001                       : fopen.c.obj (.ebss)
                  0000cf2c    00000001                       : open.c.obj (.ebss)
                  0000cf2d    00000013     --HOLE--
                  0000cf40    00000142     Rexroth.obj (.ebss)
                  0000d082    0000003e     --HOLE--
                  0000d0c0    0000012a     taskio.obj (.ebss)
                  0000d1ea    00000016     --HOLE--
                  0000d200    00000128     Access.obj (.ebss)
                  0000d328    00000018     --HOLE--
                  0000d340    00000124     task.obj (.ebss)
                  0000d464    0000001c     --HOLE--
                  0000d480    00000120     CommComp_PwmtrCard.obj (.ebss)
                  0000d5a0    00000020     --HOLE--
                  0000d5c0    00000108     firmware_28335.lib : ethernet.obj (.ebss)
                  0000d6c8    00000038     --HOLE--
                  0000d700    000000f0     Task_Watch.obj (.ebss)
                  0000d7f0    00000010     --HOLE--
                  0000d800    000000d4     CommComp_HTRobot.obj (.ebss)
                  0000d8d4    0000002c     --HOLE--
                  0000d900    000000d4     dbfunc.obj (.ebss)
                  0000d9d4    0000002c     --HOLE--
                  0000da00    0000009a     drive_28335.lib : _ax88796b.obj (.ebss)
                  0000da9a    00000026     --HOLE--
                  0000dac0    00000088     rts2800_fpu32.lib : write.c.obj (.ebss)
                  0000db48    00000038     --HOLE--
                  0000db80    00000060     drive_28335.lib : _eCan_28335.obj (.ebss)

.esysmem   0    0000dbe0    00000180     UNINITIALIZED
                  0000dbe0    00000001     rts2800_fpu32.lib : memory.c.obj (.esysmem)
                  0000dbe1    0000017f     --HOLE--

.cio       0    0000e400    00000120     UNINITIALIZED
                  0000e400    00000120     rts2800_fpu32.lib : trgmsg.c.obj (.cio)

IQmath     0    00300355    0000005c     RUN ADDR = 00008355
                  00300355    00000047     IQmath_fpu32.lib : IQ24div.obj (IQmath)
                  0030039c    00000015                      : IQ24rsmpy.obj (IQmath)

system     0    0032fd00    000000e0     
                  0032fd00    000000e0     system.obj (system)

IQmathTables 
*          0    003fe000    00000b50     NOLOAD SECTION
                  003fe000    00000b50     IQmath_fpu32.lib : IQmathTables.obj (IQmathTables)

heap       0    0000de00    00000600     UNINITIALIZED
                  0000de00    00000600     main.obj (heap)

EthernetBuffer 
*          0    0000e600    00001340     UNINITIALIZED
                  0000e600    00001080     firmware_28335.lib : ethernet.obj (EthernetBuffer)
                  0000f680    00000280     tasknet_PC.obj (EthernetBuffer)
                  0000f900    00000040     firmware_28335.lib : eeprom.obj (EthernetBuffer)

Database   0    00203000    00001ce4     UNINITIALIZED
                  00203000    00001ce4     database.obj (Database)

TemperCtl 
*          0    00208000    00002a00     UNINITIALIZED
                  00208000    00002a00     temper_common.obj (TemperCtl)

ECMaster   0    0020dc00    0002f7c8     UNINITIALIZED
                  0020dc00    0002f7c8     task_ethercatmaster.obj (ECMaster)

.reset     0    003fffc0    00000002     DSECT
                  003fffc0    00000002     rts2800_fpu32.lib : boot28.asm.obj (.reset)

vectors    0    003fffc2    00000000     DSECT

.adc_cal   0    00380080    00000007     NOLOAD SECTION
                  00380080    00000007     DSP2833x_TI.lib : DSP2833x_ADC_cal.obj (.adc_cal)

PartIdRegsFile 
*          0    00380090    00000001     UNINITIALIZED
                  00380090    00000001     DSP2833x_TI.lib : DSP2833x_GlobalVariableDefs.obj (PartIdRegsFile)

CsmPwlFile 
*          1    0033fff8    00000008     UNINITIALIZED
                  0033fff8    00000008     DSP2833x_TI.lib : DSP2833x_GlobalVariableDefs.obj (CsmPwlFile)

.text      0    003003b2    0001b8ee     
                  003003b2    00002a30     kernel_28335.lib : ethercatmaster.obj (.text)
                  00302de2    00001bb6     taskEtherCATMaster_app.obj (.text)
                  00304998    00001559     CommComp_RemoteIO.obj (.text)
                  00305ef1    00001064     tasknet_master.obj (.text)
                  00306f55    00001063     temper_common.obj (.text)
                  00307fb8    00000edf     kernel_28335.lib : tftp_server.obj (.text)
                  00308e97    00000e87                      : ethercatmaster_Sync.obj (.text)
                  00309d1e    00000e5c     DSP2833x_TI.lib : DSP2833x_DefaultIsr.obj (.text:retain)
                  0030ab7a    00000e0a     temper_alg.obj (.text)
                  0030b984    00000d6f     rts2800_fpu32.lib : _printfi.c.obj (.text)
                  0030c6f3    00000ce8     CommComp_turntable.obj (.text)
                  0030d3db    00000ba1     firmware_28335.lib : ethernet.obj (.text)
                  0030df7c    00000b74     drive_28335.lib : _ax88796b.obj (.text)
                  0030eaf0    0000098b     CommComp_CANOpenMaster.obj (.text)
                  0030f47b    000008fa     kernel_28335.lib : ethercatmaster_eoe.obj (.text)
                  0030fd75    000008a2     drive_28335.lib : _eCan_28335.obj (.text)
                  00310617    0000086a     tasknet_PC.obj (.text)
                  00310e81    0000085e     rts2800_fpu32.lib : _scanfi.c.obj (.text)
                  003116df    0000085c     kernel_28335.lib : ethercatmaster_coe.obj (.text)
                  00311f3b    00000846     CommComp_Driver.obj (.text)
                  00312781    00000832     CommComp_Factory.obj (.text)
                  00312fb3    00000810     Access.obj (.text)
                  003137c3    000007d9     kernel_28335.lib : rbtree.obj (.text)
                  00313f9c    00000727     dbfunc.obj (.text)
                  003146c3    00000713     GeneralRW.obj (.text)
                  00314dd6    00000709     CommComp_TemperCard.obj (.text)
                  003154df    00000638     kernel_28335.lib : ethercatmaster_foe.obj (.text)
                  00315b17    00000633     Watch.obj (.text)
                  0031614a    000005fa     tasknet_HMI.obj (.text)
                  00316744    00000438     CommComp_EtherCat.obj (.text)
                  00316b7c    000003f7     DSP2833x_TI.lib : DSP2833x_DMA.obj (.text)
                  00316f73    000003cf     task_ethercatmaster.obj (.text)
                  00317342    000003c6     kernel_28335.lib : memory.obj (.text)
                  00317708    0000036f     CommComp_HTRobot.obj (.text)
                  00317a77    00000361     database.obj (.text)
                  00317dd8    0000034d     task.obj (.text)
                  00318125    00000327     Rexroth.obj (.text)
                  0031844c    000002b9     firmware_28335.lib : ethernet_switch.obj (.text)
                  00318705    00000296     main.obj (.text)
                  0031899b    0000028a     rts2800_fpu32.lib : strtold.c.obj (.text)
                  00318c25    00000275     taskio.obj (.text)
                  00318e9a    00000203     rts2800_fpu32.lib : strtod.c.obj (.text)
                  0031909d    000001f4     CommComp_PwmtrCard.obj (.text)
                  00319291    000001d4     rts2800_fpu32.lib : memory.c.obj (.text)
                  00319465    000001a3     kernel_28335.lib : CalibrateAD.obj (.text)
                  00319608    000001a0     drive_28335.lib : _spi.obj (.text)
                  003197a8    00000178                     : _io.obj (.text)
                  00319920    0000016a     rts2800_fpu32.lib : strtoll.c.obj (.text)
                  00319a8a    00000157     kernel_28335.lib : memory_manager.obj (.text)
                  00319be1    0000013e     drive_28335.lib : _25lc256_28335.obj (.text)
                  00319d1f    0000012e     kernel_28335.lib : tftp.obj (.text)
                  00319e4d    00000122     rts2800_fpu32.lib : strtoull.c.obj (.text)
                  00319f6f    0000011b     DSP2833x_TI.lib : DSP2833x_Xintf.obj (.text)
                  0031a08a    00000109     Error_App.obj (.text)
                  0031a193    00000107     rts2800_fpu32.lib : ll_div28.asm.obj (.text)
                  0031a29a    000000f8     DSP2833x_TI.lib : DSP2833x_SysCtrl.obj (.text)
                  0031a392    000000f8     rts2800_fpu32.lib : fopen.c.obj (.text)
                  0031a48a    000000e2     drive_28335.lib : _ltc1864_28335.obj (.text)
                  0031a56c    000000dc     Task_Led.obj (.text)
                  0031a648    000000d6     rts2800_fpu32.lib : strtol.c.obj (.text)
                  0031a71e    000000d3     drive_28335.lib : _led_28335.obj (.text)
                  0031a7f1    000000b1     rts2800_fpu32.lib : strtoul.c.obj (.text)
                  0031a8a2    000000b0                       : fputs.c.obj (.text)
                  0031a952    000000ae                       : s_scalbn.c.obj (.text)
                  0031aa00    0000009e     kernel_28335.lib : CompPulse.obj (.text)
                  0031aa9e    0000009c     rts2800_fpu32.lib : fd_add28.asm.obj (.text)
                  0031ab3a    0000009b     drive_28335.lib : _gpio_28335.obj (.text)
                  0031abd5    00000001     rts2800_fpu32.lib : startup.c.obj (.text)
                  0031abd6    00000095                       : trgmsg.c.obj (.text)
                  0031ac6b    0000008b                       : fd_div28.asm.obj (.text)
                  0031acf6    00000089                       : setvbuf.c.obj (.text)
                  0031ad7f    00000088                       : fs_div28.asm.obj (.text)
                  0031ae07    00000083                       : fd_mpy28.asm.obj (.text)
                  0031ae8a    0000007b     Utils.obj (.text)
                  0031af05    00000073     DSP2833x_TI.lib : DSP2833x_CpuTimers.obj (.text)
                  0031af78    00000073     rts2800_fpu32.lib : fflush.c.obj (.text)
                  0031afeb    00000071                       : open.c.obj (.text)
                  0031b05c    0000006d                       : sscanf.c.obj (.text)
                  0031b0c9    00000067                       : _io_perm.c.obj (.text)
                  0031b130    00000065     Task_Watch.obj (.text)
                  0031b195    00000063     kernel_28335.lib : CompLed.obj (.text)
                  0031b1f8    00000061     rts2800_fpu32.lib : hostlseek.c.obj (.text)
                  0031b259    0000005f     CANOpenCommon.obj (.text)
                  0031b2b8    0000005f     rts2800_fpu32.lib : fclose.c.obj (.text)
                  0031b317    0000005a                       : s_frexp.c.obj (.text)
                  0031b371    0000005a                       : s_scalbnf.c.obj (.text)
                  0031b3cb    0000005a                       : snprintf.c.obj (.text)
                  0031b425    00000056                       : boot28.asm.obj (.text)
                  0031b47b    00000053     initial.obj (.text)
                  0031b4ce    00000053     rts2800_fpu32.lib : fputc.c.obj (.text)
                  0031b521    00000051                       : getdevice.c.obj (.text)
                  0031b572    00000050     firmware_28335.lib : eeprom.obj (.text)
                  0031b5c2    0000004f     drive_28335.lib : _timer_28335.obj (.text:retain)
                  0031b611    0000004d     taskTemper.obj (.text)
                  0031b65e    0000004c     drive_28335.lib : _encoder_28335.obj (.text)
                  0031b6aa    00000042     tasknet.obj (.text)
                  0031b6ec    00000040     rts2800_fpu32.lib : hostopen.c.obj (.text)
                  0031b72c    0000003f                       : hostread.c.obj (.text)
                  0031b76b    0000003e                       : hostrename.c.obj (.text)
                  0031b7a9    0000003d                       : fseek.c.obj (.text)
                  0031b7e6    00000038                       : hostwrite.c.obj (.text)
                  0031b81e    00000034                       : printf.c.obj (.text)
                  0031b852    00000033                       : close.c.obj (.text)
                  0031b885    00000031                       : atoi.c.obj (.text)
                  0031b8b6    00000030                       : ltoa.c.obj (.text)
                  0031b8e6    0000002a                       : fd_cmp28.asm.obj (.text)
                  0031b910    0000002a                       : l_div28.asm.obj (.text)
                  0031b93a    00000029                       : exit.c.obj (.text)
                  0031b963    00000029                       : hostclose.c.obj (.text)
                  0031b98c    00000028     DSP2833x_TI.lib : DSP2833x_PieCtrl.obj (.text)
                  0031b9b4    00000025     rts2800_fpu32.lib : s_copysign.c.obj (.text)
                  0031b9d9    00000024                       : cpy_tbl.c.obj (.text)
                  0031b9fd    00000024                       : hostunlink.c.obj (.text)
                  0031ba21    00000022                       : i_div28.asm.obj (.text)
                  0031ba43    00000021                       : fd_toi28.asm.obj (.text)
                  0031ba64    00000020     DSP2833x_TI.lib : DSP2833x_PieVect.obj (.text)
                  0031ba84    0000001f     rts2800_fpu32.lib : fd_tol28.asm.obj (.text)
                  0031baa3    0000001e                       : ll_cmp28.asm.obj (.text)
                  0031bac1    0000001e                       : strncpy.c.obj (.text)
                  0031badf    0000001d                       : i_tofd28.asm.obj (.text)
                  0031bafc    0000001c                       : fs_tofdfpu32.asm.obj (.text)
                  0031bb18    0000001c                       : l_tofd28.asm.obj (.text)
                  0031bb34    00000019                       : args_main.c.obj (.text)
                  0031bb4d    00000019                       : unlink.c.obj (.text)
                  0031bb66    00000019                       : write.c.obj (.text)
                  0031bb7f    00000018                       : ll_aox28.asm.obj (.text)
                  0031bb97    00000018                       : lseek.c.obj (.text)
                  0031bbaf    00000018                       : strncmp.c.obj (.text)
                  0031bbc7    00000015                       : memcmp.c.obj (.text)
                  0031bbdc    00000014                       : ll_mpy28.asm.obj (.text)
                  0031bbf0    00000012                       : s_copysignf.c.obj (.text)
                  0031bc02    00000010                       : memchr.c.obj (.text)
                  0031bc12    0000000e                       : fd_sub28.asm.obj (.text)
                  0031bc20    0000000d                       : memccpy.c.obj (.text)
                  0031bc2d    0000000c                       : strchr.c.obj (.text)
                  0031bc39    0000000b                       : strrchr.c.obj (.text)
                  0031bc44    0000000b                       : u_div28.asm.obj (.text)
                  0031bc4f    0000000a                       : strcmp.c.obj (.text)
                  0031bc59    00000009     drive_28335.lib : _adc_28335.obj (.text)
                  0031bc62    00000009     rts2800_fpu32.lib : _lock.c.obj (.text)
                  0031bc6b    00000009                       : fd_neg28.asm.obj (.text)
                  0031bc74    00000009                       : wcslen.c.obj (.text)
                  0031bc7d    00000008     DSP2833x_CodeStartBranch.obj (.text)
                  0031bc85    00000008     rts2800_fpu32.lib : strlen.c.obj (.text)
                  0031bc8d    00000005     drive_28335.lib : _dac_28335.obj (.text)
                  0031bc92    00000005     rts2800_fpu32.lib : strcpy.c.obj (.text)
                  0031bc97    00000004     kernel_28335.lib : version_kernel.obj (.text)
                  0031bc9b    00000003     rts2800_fpu32.lib : remove.c.obj (.text)
                  0031bc9e    00000002                       : pre_init.c.obj (.text)

.econst    0    0031bca0    0000717c     
                  0031bca0    00002a1e     database.obj (.econst:_gc_asAttribInfo)
                  0031e6be    000014f4     database.obj (.econst:_uc_asBlock_M28)
                  0031fbb2    00000690     database.obj (.econst:_uc_asBlock_TEMPER)
                  00320242    0000030e     kernel_28335.lib : ethercatmaster_foe.obj (.econst:.string)
                  00320550    0000024c     database.obj (.econst:_uc_asBlock_REXROTH)
                  0032079c    000001cc     kernel_28335.lib : tftp_server.obj (.econst:.string)
                  00320968    000001b0     database.obj (.econst:_uc_asBlock_AXISCARD)
                  00320b18    00000140     kernel_28335.lib : memory_manager.obj (.econst:.string)
                  00320c58    00000110                      : tftp.obj (.econst:.string)
                  00320d68    00000101     rts2800_fpu32.lib : ctype.c.obj (.econst:.string:__ctypes_)
                  00320e69    00000001     dbfunc.obj (.econst:_$P$T3$4)
                  00320e6a    00000100     DSP2833x_TI.lib : DSP2833x_PieVect.obj (.econst:_PieVectTableInit)
                  00320f6a    000000f6     taskEtherCATMaster_app.obj (.econst:.string)
                  00321060    000000f6     database.obj (.econst:_gc_asGroup)
                  00321156    000000ee     kernel_28335.lib : ethercatmaster_eoe.obj (.econst:.string)
                  00321244    000000d6     database.obj (.econst:_uc_asFindInitTab)
                  0032131a    000000cc     kernel_28335.lib : memory.obj (.econst:.string)
                  003213e6    000000b8                      : rbtree.obj (.econst:.string)
                  0032149e    000000b0     database.obj (.econst:_uc_asBlock_POWERCARD)
                  0032154e    000000a4     kernel_28335.lib : ethercatmaster.obj (.econst:.string)
                  003215f2    00000074     database.obj (.econst:_uc_asBlock_PICKER)
                  00321666    0000006f     firmware_28335.lib : ethernet_switch.obj (.econst:.string)
                  003216d5    00000001     dbfunc.obj (.econst:_$P$T5$6)
                  003216d6    0000006c     CommComp_RemoteIO.obj (.econst:_$P$T3$4)
                  00321742    0000006c     CommComp_RemoteIO.obj (.econst:_$P$T6$7)
                  003217ae    00000062     database.obj (.econst:_uc_afCallback)
                  00321810    00000060     CommComp_turntable.obj (.econst:_$P$T3$4)
                  00321870    0000005c     kernel_28335.lib : ethercatmaster_coe.obj (.econst:.string)
                  003218cc    00000058     CommComp_TemperCard.obj (.econst:_$P$T1$2)
                  00321924    00000054     CommComp_RemoteIO.obj (.econst:_$P$T1$2)
                  00321978    00000050     tasknet_master.obj (.econst:_g_CMDMap)
                  003219c8    00000048     database.obj (.econst:_uc_asBlock_MT_HUB_8A)
                  00321a10    00000048     database.obj (.econst:_uc_asBlock_TEMPERCARD)
                  00321a58    00000044     CommComp_RemoteIO.obj (.econst:_$P$T0$1)
                  00321a9c    00000044     CommComp_TemperCard.obj (.econst:_$P$T0$1)
                  00321ae0    00000040     rts2800_fpu32.lib : strtold.c.obj (.econst:_digits)
                  00321b20    0000003c     CommComp_RemoteIO.obj (.econst:_$P$T4$5)
                  00321b5c    00000038     firmware_28335.lib : ethernet.obj (.econst:.string)
                  00321b94    0000002c     tasknet_PC.obj (.econst:_g_PC_commmap)
                  00321bc0    0000002c     tasknet_HMI.obj (.econst:_g_commmap)
                  00321bec    0000002c     database.obj (.econst:_uc_asBlock_PARKER_COMPAX3_FLUID)
                  00321c18    0000002b     kernel_28335.lib : tftp_server.obj (.econst:.string:_$P$T13$14)
                  00321c43    00000029                      : tftp_server.obj (.econst:.string:_$P$T16$17)
                  00321c6c    00000029                      : tftp_server.obj (.econst:.string:_$P$T17$18)
                  00321c95    00000029     firmware_28335.lib : ethernet_switch.obj (.econst:.string:_$P$T5$6)
                  00321cbe    00000028     kernel_28335.lib : tftp_server.obj (.econst:.string:_$P$T15$16)
                  00321ce6    00000028                      : ethercatmaster_coe.obj (.econst:.string:_$P$T4$5)
                  00321d0e    00000028     CommComp_RemoteIO.obj (.econst:_$P$T7$8)
                  00321d36    00000027     kernel_28335.lib : rbtree.obj (.econst:.string:_$P$T10$11)
                  00321d5d    00000027                      : tftp_server.obj (.econst:.string:_$P$T14$15)
                  00321d84    00000027                      : rbtree.obj (.econst:.string:_$P$T5$6)
                  00321dab    00000027                      : rbtree.obj (.econst:.string:_$P$T7$8)
                  00321dd2    00000026                      : rbtree.obj (.econst:.string:_$P$T11$12)
                  00321df8    00000026                      : rbtree.obj (.econst:.string:_$P$T4$5)
                  00321e1e    00000026                      : ethercatmaster_coe.obj (.econst:.string:_$P$T6$7)
                  00321e44    00000026                      : rbtree.obj (.econst:.string:_$P$T6$7)
                  00321e6a    00000026     firmware_28335.lib : ethernet_switch.obj (.econst:.string:_$P$T8$9)
                  00321e90    00000026     kernel_28335.lib : rbtree.obj (.econst:.string:_$P$T9$10)
                  00321eb6    00000026     rts2800_fpu32.lib : _printfi.c.obj (.econst:.string)
                  00321edc    00000025     kernel_28335.lib : rbtree.obj (.econst:.string:_$P$T2$3)
                  00321f01    00000025                      : tftp_server.obj (.econst:.string:_$P$T20$21)
                  00321f26    00000025                      : rbtree.obj (.econst:.string:_$P$T3$4)
                  00321f4b    00000025                      : tftp_server.obj (.econst:.string:_$P$T31$32)
                  00321f70    00000025                      : tftp_server.obj (.econst:.string:_$P$T38$39)
                  00321f95    00000025                      : tftp_server.obj (.econst:.string:_$P$T40$41)
                  00321fba    00000025                      : ethercatmaster_coe.obj (.econst:.string:_$P$T5$6)
                  00321fdf    00000025                      : rbtree.obj (.econst:.string:_$P$T8$9)
                  00322004    00000024                      : tftp_server.obj (.econst:.string:_$P$T19$20)
                  00322028    00000024                      : ethercatmaster_coe.obj (.econst:.string:_$P$T3$4)
                  0032204c    00000024                      : tftp_server.obj (.econst:.string:_$P$T36$37)
                  00322070    00000024                      : tftp_server.obj (.econst:.string:_$P$T37$38)
                  00322094    00000024                      : tftp_server.obj (.econst:.string:_$P$T5$6)
                  003220b8    00000024     firmware_28335.lib : ethernet_switch.obj (.econst:.string:_$P$T7$8)
                  003220dc    00000024     CommComp_RemoteIO.obj (.econst:_$P$T5$6)
                  00322100    00000024     rts2800_fpu32.lib : strtold.c.obj (.econst:_powerof10)
                  00322124    00000024     database.obj (.econst:_uc_asBlock_GERMANJET)
                  00322148    00000023     kernel_28335.lib : tftp_server.obj (.econst:.string:_$P$T32$33)
                  0032216b    00000023                      : tftp_server.obj (.econst:.string:_$P$T34$35)
                  0032218e    00000022                      : tftp_server.obj (.econst:.string:_$P$T33$34)
                  003221b0    00000022                      : ethercatmaster_eoe.obj (.econst:.string:_$P$T8$9)
                  003221d2    00000022                      : tftp_server.obj (.econst:.string:_$P$T9$10)
                  003221f4    00000021     firmware_28335.lib : ethernet_switch.obj (.econst:.string:_$P$T0$1)
                  00322215    00000021     kernel_28335.lib : tftp_server.obj (.econst:.string:_$P$T10$11)
                  00322236    00000021                      : tftp_server.obj (.econst:.string:_$P$T35$36)
                  00322257    00000021                      : tftp_server.obj (.econst:.string:_$P$T39$40)
                  00322278    00000021     main.obj (.econst:.string)
                  00322299    00000020     firmware_28335.lib : ethernet.obj (.econst:.string:_$P$T0$1)
                  003222b9    00000020     kernel_28335.lib : tftp_server.obj (.econst:.string:_$P$T11$12)
                  003222d9    00000020                      : ethercatmaster_eoe.obj (.econst:.string:_$P$T13$14)
                  003222f9    00000020                      : tftp_server.obj (.econst:.string:_$P$T18$19)
                  00322319    00000020     firmware_28335.lib : ethernet_switch.obj (.econst:.string:_$P$T6$7)
                  00322339    00000001     kernel_28335.lib : ethercatmaster.obj (.econst:_$P$T8$9)
                  0032233a    00000020     rts2800_fpu32.lib : strtod.c.obj (.econst:_digits)
                  0032235a    0000001f     kernel_28335.lib : tftp_server.obj (.econst:.string:_$P$T12$13)
                  00322379    0000001f                      : rbtree.obj (.econst:.string:_$P$T18$19)
                  00322398    0000001f                      : tftp_server.obj (.econst:.string:_$P$T23$24)
                  003223b7    0000001f                      : tftp_server.obj (.econst:.string:_$P$T7$8)
                  003223d6    0000001f                      : tftp_server.obj (.econst:.string:_$P$T8$9)
                  003223f5    0000001e     firmware_28335.lib : ethernet_switch.obj (.econst:.string:_$P$T1$2)
                  00322413    0000001e     kernel_28335.lib : ethercatmaster_eoe.obj (.econst:.string:_$P$T1$2)
                  00322431    0000001e                      : tftp_server.obj (.econst:.string:_$P$T22$23)
                  0032244f    0000001e                      : tftp_server.obj (.econst:.string:_$P$T30$31)
                  0032246d    0000001e                      : tftp_server.obj (.econst:.string:_$P$T42$43)
                  0032248b    0000001e                      : ethercatmaster_eoe.obj (.econst:.string:_$P$T5$6)
                  003224a9    0000001e                      : ethercatmaster_eoe.obj (.econst:.string:_$P$T7$8)
                  003224c7    00000001     Task_Led.obj (.econst:_LEDSHOW_OFF)
                  003224c8    0000001e     kernel_28335.lib : ethercatmaster.obj (.econst:_cnst_DealEtherCatFunc)
                  003224e6    0000001d                      : rbtree.obj (.econst:.string:_$P$T17$18)
                  00322503    0000001d                      : ethercatmaster_coe.obj (.econst:.string:_$P$T2$3)
                  00322520    0000001d                      : ethercatmaster_eoe.obj (.econst:.string:_$P$T2$3)
                  0032253d    0000001d                      : ethercatmaster_eoe.obj (.econst:.string:_$P$T3$4)
                  0032255a    0000001d                      : ethercatmaster_eoe.obj (.econst:.string:_$P$T4$5)
                  00322577    0000001d                      : tftp_server.obj (.econst:.string:_$P$T41$42)
                  00322594    0000001d                      : ethercatmaster_eoe.obj (.econst:.string:_$P$T6$7)
                  003225b1    0000001c                      : ethercatmaster_eoe.obj (.econst:.string:_$P$T15$16)
                  003225cd    0000001c     firmware_28335.lib : ethernet_switch.obj (.econst:.string:_$P$T2$3)
                  003225e9    0000001c     kernel_28335.lib : tftp_server.obj (.econst:.string:_$P$T21$22)
                  00322605    0000001c                      : tftp_server.obj (.econst:.string:_$P$T27$28)
                  00322621    0000001c     firmware_28335.lib : ethernet_switch.obj (.econst:.string:_$P$T3$4)
                  0032263d    00000001     kernel_28335.lib : CompPulse.obj (.econst:_uc_assPulse)
                  0032263e    0000001c     rts2800_fpu32.lib : _printfi.c.obj (.econst)
                  0032265a    0000001c                       : s_scalbn.c.obj (.econst)
                  00322676    0000001b     kernel_28335.lib : ethercatmaster_eoe.obj (.econst:.string:_$P$T12$13)
                  00322691    0000001b                      : ethercatmaster_eoe.obj (.econst:.string:_$P$T14$15)
                  003226ac    0000001b                      : rbtree.obj (.econst:.string:_$P$T19$20)
                  003226c7    0000001b                      : rbtree.obj (.econst:.string:_$P$T21$22)
                  003226e2    0000001b                      : tftp_server.obj (.econst:.string:_$P$T26$27)
                  003226fd    0000001b     firmware_28335.lib : ethernet_switch.obj (.econst:.string:_$P$T4$5)
                  00322718    0000001b     kernel_28335.lib : tftp_server.obj (.econst:.string:_$P$T4$5)
                  00322733    0000001a                      : memory.obj (.econst:.string:_$P$T0$1)
                  0032274d    0000001a                      : rbtree.obj (.econst:.string:_$P$T13$14)
                  00322767    0000001a                      : tftp_server.obj (.econst:.string:_$P$T24$25)
                  00322781    0000001a                      : tftp_server.obj (.econst:.string:_$P$T6$7)
                  0032279b    00000019                      : ethercatmaster_eoe.obj (.econst:.string:_$P$T0$1)
                  003227b4    00000019                      : ethercatmaster_eoe.obj (.econst:.string:_$P$T11$12)
                  003227cd    00000019                      : memory.obj (.econst:.string:_$P$T11$12)
                  003227e6    00000019                      : tftp_server.obj (.econst:.string:_$P$T25$26)
                  003227ff    00000019                      : ethercatmaster_foe.obj (.econst:.string:_$P$T4$5)
                  00322818    00000019                      : memory.obj (.econst:.string:_$P$T7$8)
                  00322831    00000019                      : memory.obj (.econst:.string:_$P$T8$9)
                  0032284a    00000018                      : rbtree.obj (.econst:.string:_$P$T0$1)
                  00322862    00000018                      : ethercatmaster_foe.obj (.econst:.string:_$P$T1$2)
                  0032287a    00000018                      : rbtree.obj (.econst:.string:_$P$T1$2)
                  00322892    00000018                      : rbtree.obj (.econst:.string:_$P$T14$15)
                  003228aa    00000018                      : rbtree.obj (.econst:.string:_$P$T22$23)
                  003228c2    00000018                      : rbtree.obj (.econst:.string:_$P$T23$24)
                  003228da    00000018     CommComp_RemoteIO.obj (.econst:_$P$T2$3)
                  003228f2    00000018     kernel_28335.lib : CalibrateAD.obj (.econst:_cnst_ADController)
                  0032290a    00000018     CommComp_Factory.obj (.econst:_gc_sCommComp)
                  00322922    00000018     database.obj (.econst:_uc_asBlock_REMOTEIODEVICE)
                  0032293a    00000017     kernel_28335.lib : ethercatmaster_foe.obj (.econst:.string:_$P$T0$1)
                  00322951    00000017                      : memory.obj (.econst:.string:_$P$T10$11)
                  00322968    00000017                      : rbtree.obj (.econst:.string:_$P$T15$16)
                  0032297f    00000017                      : ethercatmaster_eoe.obj (.econst:.string:_$P$T16$17)
                  00322996    00000017                      : ethercatmaster_eoe.obj (.econst:.string:_$P$T17$18)
                  003229ad    00000017                      : rbtree.obj (.econst:.string:_$P$T20$21)
                  003229c4    00000017                      : memory.obj (.econst:.string:_$P$T9$10)
                  003229db    00000016     CommComp_CANOpenMaster.obj (.econst:_uc_aeMCDB_WatchIndex)
                  003229f1    00000015     kernel_28335.lib : ethercatmaster_eoe.obj (.econst:.string:_$P$T10$11)
                  00322a06    00000015                      : tftp_server.obj (.econst:.string:_$P$T28$29)
                  00322a1b    00000015                      : tftp_server.obj (.econst:.string:_$P$T29$30)
                  00322a30    00000014                      : ethercatmaster.obj (.econst:.string:_$P$T0$1)
                  00322a44    00000014                      : memory.obj (.econst:.string:_$P$T1$2)
                  00322a58    00000014     drive_28335.lib : _eCan_28335.obj (.econst:_CNST_CANREG)
                  00322a6c    00000014                     : _io.obj (.econst:_CNST_ENCODER)
                  00322a80    00000013     kernel_28335.lib : ethercatmaster.obj (.econst:.string:_$P$T11$13)
                  00322a93    00000013                      : rbtree.obj (.econst:.string:_$P$T12$13)
                  00322aa6    00000013                      : rbtree.obj (.econst:.string:_$P$T16$17)
                  00322ab9    00000013                      : memory.obj (.econst:.string:_$P$T2$3)
                  00322acc    00000013                      : memory.obj (.econst:.string:_$P$T3$4)
                  00322adf    00000013                      : ethercatmaster_foe.obj (.econst:.string:_$P$T5$6)
                  00322af2    00000012                      : tftp_server.obj (.econst:.string:_$P$T1$2)
                  00322b04    00000012                      : tftp_server.obj (.econst:.string:_$P$T2$3)
                  00322b16    00000012                      : tftp.obj (.econst:_tftp__error)
                  00322b28    00000011                      : ethercatmaster_foe.obj (.econst:.string:_$P$T3$4)
                  00322b39    00000011                      : ethercatmaster.obj (.econst:.string:_$P$T4$5)
                  00322b4a    00000011                      : ethercatmaster_foe.obj (.econst:.string:_$P$T6$7)
                  00322b5b    00000010                      : ethercatmaster_coe.obj (.econst:.string:_$P$T1$2)
                  00322b6b    00000010                      : ethercatmaster_foe.obj (.econst:.string:_$P$T2$3)
                  00322b7b    00000010                      : tftp.obj (.econst:.string:_$P$T2$3)
                  00322b8b    00000010                      : tftp_server.obj (.econst:.string:_$P$T3$4)
                  00322b9b    00000010                      : ethercatmaster_eoe.obj (.econst:.string:_$P$T9$10)
                  00322bab    00000010     taskio.obj (.econst:_BitMask)
                  00322bbb    00000010     Task_Watch.obj (.econst:_gc_asWatchIndex)
                  00322bcb    0000000f     kernel_28335.lib : tftp.obj (.econst:.string:_$P$T0$1)
                  00322bda    0000000f                      : ethercatmaster.obj (.econst:.string:_$P$T5$6)
                  00322be9    0000000f                      : ethercatmaster.obj (.econst:_$P$T3$4)
                  00322bf8    0000000e                      : ethercatmaster.obj (.econst:.string:_$P$T1$2)
                  00322c06    0000000e                      : tftp.obj (.econst:.string:_$P$T1$2)
                  00322c14    0000000e     rts2800_fpu32.lib : _scanfi.c.obj (.econst:.string)
                  00322c22    0000000d     kernel_28335.lib : ethercatmaster.obj (.econst:.string:_$P$T2$3)
                  00322c2f    0000000d                      : memory_manager.obj (.econst:.string:_$P$T4$5)
                  00322c3c    0000000c                      : memory_manager.obj (.econst:.string:_$P$T3$4)
                  00322c48    0000000c                      : memory.obj (.econst:.string:_$P$T4$5)
                  00322c54    0000000c                      : memory.obj (.econst:.string:_$P$T5$6)
                  00322c60    0000000c                      : memory_manager.obj (.econst:.string:_$P$T5$6)
                  00322c6c    0000000c                      : memory.obj (.econst:.string:_$P$T6$7)
                  00322c78    0000000c                      : memory_manager.obj (.econst:.string:_$P$T6$7)
                  00322c84    0000000c     CommComp_turntable.obj (.econst:_$P$T0$1)
                  00322c90    0000000c     tasknet_master.obj (.econst:_CNST_DSP54IP)
                  00322c9c    0000000c     task_ethercatmaster.obj (.econst:_CNST_IOETH_EC)
                  00322ca8    0000000c     tasknet_PC.obj (.econst:_CNST_PCIP)
                  00322cb4    0000000c     tasknet_PC.obj (.econst:_g_PC_ctrlcmdmap)
                  00322cc0    0000000c     rts2800_fpu32.lib : strtod.c.obj (.econst:_powerof10)
                  00322ccc    0000000c     taskEtherCATMaster_app.obj (.econst:_tftp_server_IOETH)
                  00322cd8    0000000c     database.obj (.econst:_uc_asBlock_HYB)
                  00322ce4    0000000c     rts2800_fpu32.lib : strtold.c.obj (.econst)
                  00322cf0    0000000b     dbfunc.obj (.econst:_uc_NodeIDCheck_CAN2Tab)
                  00322cfb    00000009     kernel_28335.lib : memory_manager.obj (.econst:.string:_$P$T2$3)
                  00322d04    00000009                      : memory_manager.obj (.econst:.string:_$P$T7$8)
                  00322d0d    00000009                      : memory_manager.obj (.econst:.string:_$P$T8$9)
                  00322d16    00000008     CommComp_turntable.obj (.econst)
                  00322d1e    00000008     CommComp_turntable.obj (.econst:_$P$T1$2)
                  00322d26    00000008     drive_28335.lib : _io.obj (.econst:_IO_BitMask)
                  00322d2e    00000008     CommComp_TemperCard.obj (.econst:_uc_asTemperCard_base_index)
                  00322d36    00000008     rts2800_fpu32.lib : s_frexp.c.obj (.econst)
                  00322d3e    00000007     kernel_28335.lib : memory_manager.obj (.econst:.string:_$P$T0$1)
                  00322d45    00000007                      : memory_manager.obj (.econst:.string:_$P$T1$2)
                  00322d4c    00000007     rts2800_fpu32.lib : _scanfi.c.obj (.econst:.string:_flit$1)
                  00322d53    00000006                       : _scanfi.c.obj (.econst:.string:_barr$2)
                  00322d59    00000006     tasknet.obj (.econst:_CNST_INITSRCIP)
                  00322d5f    00000006     database.obj (.econst:_gc_asDataType)
                  00322d65    00000001     --HOLE-- [fill = 0]
                  00322d66    00000006     kernel_28335.lib : ethercatmaster.obj (.econst:_mailbox_send$12)
                  00322d6c    00000006     CommComp_CANOpenMaster.obj (.econst:_uc_afCtrlCmd)
                  00322d72    00000006     rts2800_fpu32.lib : s_scalbnf.c.obj (.econst)
                  00322d78    00000005     Task_Led.obj (.econst:_LEDSHOW_SERVICE_STOP)
                  00322d7d    00000005     firmware_28335.lib : ethernet.obj (.econst:_g_logo)
                  00322d82    00000005     dbfunc.obj (.econst:_uc_NodeIDCheck_CAN1Tab)
                  00322d87    00000001     --HOLE-- [fill = 0]
                  00322d88    00000004     CommComp_PwmtrCard.obj (.econst:_$P$T0$1)
                  00322d8c    00000004     kernel_28335.lib : ethercatmaster_Sync.obj (.econst:_$P$T0$2)
                  00322d90    00000004     CommComp_turntable.obj (.econst:_$P$T2$3)
                  00322d94    00000004     CommComp_turntable.obj (.econst:_$P$T4$5)
                  00322d98    00000004     Access.obj (.econst:_Access__base_index)
                  00322d9c    00000004     GeneralRW.obj (.econst:_GeneralRW__base_index)
                  00322da0    00000004     CommComp_PwmtrCard.obj (.econst:_uc_asWriteIndexSeg_Card1)
                  00322da4    00000004     CommComp_PwmtrCard.obj (.econst:_uc_asWriteIndexSeg_Card2)
                  00322da8    00000004     CommComp_PwmtrCard.obj (.econst:_uc_asWriteIndexSeg_Card3)
                  00322dac    00000004     kernel_28335.lib : CalibrateAD.obj (.econst)
                  00322db0    00000004     tasknet_HMI.obj (.econst)
                  00322db4    00000003     dbfunc.obj (.econst:_$P$T0$1)
                  00322db7    00000003     kernel_28335.lib : ethercatmaster_coe.obj (.econst:_$P$T0$1)
                  00322dba    00000003     dbfunc.obj (.econst:_$P$T1$2)
                  00322dbd    00000003     firmware_28335.lib : ethernet.obj (.econst:_$P$T1$2)
                  00322dc0    00000003     dbfunc.obj (.econst:_$P$T10$11)
                  00322dc3    00000003     dbfunc.obj (.econst:_$P$T2$3)
                  00322dc6    00000003     dbfunc.obj (.econst:_$P$T6$7)
                  00322dc9    00000003     dbfunc.obj (.econst:_$P$T7$8)
                  00322dcc    00000003     dbfunc.obj (.econst:_$P$T8$9)
                  00322dcf    00000003     dbfunc.obj (.econst:_$P$T9$10)
                  00322dd2    00000003     kernel_28335.lib : ethercatmaster.obj (.econst:_$P$T9$10)
                  00322dd5    00000003     Task_Led.obj (.econst:_LEDSHOW_1000MS)
                  00322dd8    00000003     Task_Led.obj (.econst:_LEDSHOW_100MS)
                  00322ddb    00000003     taskTemper.obj (.econst:_u_Temper_Alg_Config)
                  00322dde    00000003     taskTemper.obj (.econst:_u_Temper_Alg_Config_FastMold)
                  00322de1    00000003     CommComp_PwmtrCard.obj (.econst:_uc_awReadIndexSeg_Card)
                  00322de4    00000003     CommComp_PwmtrCard.obj (.econst:_uc_awWriteSegInfo_Card)
                  00322de7    00000001     --HOLE-- [fill = 0]
                  00322de8    00000002     rts2800_fpu32.lib : fputs.c.obj (.econst:.string)
                  00322dea    00000002     firmware_28335.lib : eeprom.obj (.econst:_$P$T0$1)
                  00322dec    00000002     tasknet_PC.obj (.econst:_$P$T0$1)
                  00322dee    00000002     firmware_28335.lib : eeprom.obj (.econst:_$P$T1$2)
                  00322df0    00000002                        : ethernet.obj (.econst:_$P$T2$3)
                  00322df2    00000002     dbfunc.obj (.econst:_$P$T4$5)
                  00322df4    00000002     firmware_28335.lib : ethernet.obj (.econst:_$P$T4$5)
                  00322df6    00000002                        : ethernet.obj (.econst:_$P$T6$7)
                  00322df8    00000002     kernel_28335.lib : ethercatmaster.obj (.econst:_$P$T7$8)
                  00322dfa    00000002     Task_Led.obj (.econst:_LEDSHOW_ON)
                  00322dfc    00000002     Rexroth.obj (.econst:_Rexroth__base_index)
                  00322dfe    00000002     Task_Watch.obj (.econst:_gc_sOldWatchIndex)
                  00322e00    00000002     CommComp_EtherCat.obj (.econst:_uc_afCtrlCmd)
                  00322e02    00000002     CommComp_PwmtrCard.obj (.econst:_uc_asReadIndexSeg_Card1)
                  00322e04    00000002     CommComp_PwmtrCard.obj (.econst:_uc_asReadIndexSeg_Card2)
                  00322e06    00000002     CommComp_PwmtrCard.obj (.econst:_uc_asReadIndexSeg_Card3)
                  00322e08    00000002     CommComp_TemperCard.obj (.econst:_uc_asReadIndexSeg_Card)
                  00322e0a    00000002     CommComp_RemoteIO.obj (.econst:_uc_asReadIndexSeg_GERMANJET)
                  00322e0c    00000002     CommComp_RemoteIO.obj (.econst:_uc_asReadIndexSeg_MT_HUB_8A)
                  00322e0e    00000002     CommComp_RemoteIO.obj (.econst:_uc_asReadIndexSeg_Picker)
                  00322e10    00000002     CommComp_RemoteIO.obj (.econst:_uc_asReadIndexSeg_RemoteIO)
                  00322e12    00000002     CommComp_RemoteIO.obj (.econst:_uc_asWriteIndexSeg_GERMANJET)
                  00322e14    00000002     CommComp_RemoteIO.obj (.econst:_uc_asWriteIndexSeg_MT_HUB_8A)
                  00322e16    00000002     CommComp_RemoteIO.obj (.econst:_uc_asWriteIndexSeg_Picker)
                  00322e18    00000002     CommComp_RemoteIO.obj (.econst:_uc_asWriteIndexSeg_RemoteIO)
                  00322e1a    00000002     kernel_28335.lib : version_kernel.obj (.econst)

.switch    0    00323470    00000038     
                  00323470    00000020     CommComp_RemoteIO.obj (.switch:_Map_RemoteIO)
                  00323490    00000018     kernel_28335.lib : ethercatmaster_foe.obj (.switch:_ECSlave_FoE_DealMailbox)

MODULE SUMMARY

       Module                            code     initialized data   uninitialized data
       ------                            ----     ----------------   ------------------
    .\TemperLib\source\
       temper_common.obj                 4195     444                11840             
       temper_alg.obj                    3594     12                 3                 
    +--+---------------------------------+--------+------------------+--------------------+
       Total:                            7789     456                11843             
                                                                                       
    .\app\asm\28335\
       DSP2833x_CodeStartBranch.obj      10       0                  0                 
    +--+---------------------------------+--------+------------------+--------------------+
       Total:                            10       0                  0                 
                                                                                       
    .\app\source\
       task_ethercatmaster.obj           975      131                198400            
       database.obj                      865      19962              7396              
       CommComp_RemoteIO.obj             5465     580                2924              
       taskEtherCATMaster_app.obj        7094     292                484               
       tasknet_master.obj                4196     275                1160              
       CommComp_turntable.obj            3304     132                632               
       tasknet_HMI.obj                   1530     160                2096              
       tasknet_PC.obj                    2154     213                1242              
       CommComp_Factory.obj              2098     24                 1192              
       CommComp_Driver.obj               2118     20                 468               
       CommComp_EtherCat.obj             1080     2                  1520              
       CommComp_TemperCard.obj           1801     170                576               
       main.obj                          904      63                 1554              
       CommComp_CANOpenMaster.obj        2443     32                 42                
       Access.obj                        2064     4                  296               
       GeneralRW.obj                     1811     4                  440               
       dbfunc.obj                        1831     44                 212               
       Watch.obj                         1587     0                  0                 
       Rexroth.obj                       807      21                 322               
       CANOpenCommon.obj                 95       0                  1024              
       CommComp_HTRobot.obj              879      6                  212               
       taskio.obj                        629      27                 298               
       CommComp_PwmtrCard.obj            500      46                 288               
       Task_Watch.obj                    101      18                 240               
       Error_App.obj                     265      0                  4                 
       Task_Led.obj                      220      14                 28                
       system.obj                        0        224                0                 
       initial.obj                       83       12                 8                 
       taskTemper.obj                    77       6                  0                 
       tasknet.obj                       66       11                 3                 
    +--+---------------------------------+--------+------------------+--------------------+
       Total:                            47042    22493              223061            
                                                                                       
    .\drive\28335\source\
       Utils.obj                         123      0                  0                 
    +--+---------------------------------+--------+------------------+--------------------+
       Total:                            123      0                  0                 
                                                                                       
    .\kernel\comm\source\
       task.obj                          845      13                 292               
    +--+---------------------------------+--------+------------------+--------------------+
       Total:                            845      13                 292               
                                                                                       
    ../Project/28335/Debug/DSP2833x_TI.lib
       DSP2833x_DefaultIsr.obj           3676     5                  2                 
       DSP2833x_GlobalVariableDefs.obj   0        0                  2679              
       DSP2833x_DMA.obj                  1015     0                  0                 
       DSP2833x_SysCtrl.obj              302      0                  0                 
       DSP2833x_PieVect.obj              32       256                0                 
       DSP2833x_Xintf.obj                283      0                  0                 
       DSP2833x_CpuTimers.obj            115      0                  24                
       DSP2833x_PieCtrl.obj              40       0                  0                 
       DSP2833x_usDelay.obj              8        0                  0                 
       DSP2833x_ADC_cal.obj              7        0                  0                 
    +--+---------------------------------+--------+------------------+--------------------+
       Total:                            5478     261                2705              
                                                                                       
    ../Project/28335/Debug/IQmath_fpu32.lib
       IQmathTables.obj                  0        2896               0                 
       IQ24div.obj                       142      0                  0                 
       IQ24rsmpy.obj                     42       0                  0                 
    +--+---------------------------------+--------+------------------+--------------------+
       Total:                            184      2896               0                 
                                                                                       
    ../Project/28335/Debug/drive_28335.lib
       _ax88796b.obj                     2932     42                 154               
       _eCan_28335.obj                   2210     41                 96                
       _io.obj                           376      44                 30                
       _spi.obj                          416      5                  4                 
       _25lc256_28335.obj                318      0                  0                 
       _ltc1864_28335.obj                226      4                  13                
       _led_28335.obj                    211      15                 14                
       _gpio_28335.obj                   155      0                  0                 
       _timer_28335.obj                  79       26                 14                
       _encoder_28335.obj                76       0                  0                 
       _adc_28335.obj                    9        0                  16                
       _dac_28335.obj                    5        0                  0                 
    +--+---------------------------------+--------+------------------+--------------------+
       Total:                            7013     177                341               
                                                                                       
    ../Project/28335/Debug/firmware_28335.lib
       ethernet.obj                      2977     135                4488              
       ethernet_switch.obj               697      404                0                 
       eeprom.obj                        80       71                 64                
    +--+---------------------------------+--------+------------------+--------------------+
       Total:                            3754     610                4552              
                                                                                       
    ../Project/28335/Debug/kernel_28335.lib
       ethercatmaster.obj                10800    383                16                
       tftp_server.obj                   3807     1781               6                 
       ethercatmaster_Sync.obj           3719     8                  1                 
       ethercatmaster_eoe.obj            2298     725                0                 
       rbtree.obj                        2009     908                0                 
       ethercatmaster_foe.obj            1592     947                0                 
       ethercatmaster_coe.obj            2140     291                0                 
       memory_manager.obj                1745     410                4                 
       memory.obj                        966      445                0                 
       tftp.obj                          302      335                0                 
       CalibrateAD.obj                   419      28                 0                 
       CompPulse.obj                     158      1                  0                 
       CompLed.obj                       99       0                  0                 
       version_kernel.obj                4        2                  0                 
    +--+---------------------------------+--------+------------------+--------------------+
       Total:                            30058    6264               27                
                                                                                       
    C:\ti\ccsv8\tools\compiler\ti-cgt-c2000_18.1.4.LTS\lib\rts2800_fpu32.lib
       _printfi.c.obj                    3439     66                 0                 
       _scanfi.c.obj                     2142     27                 0                 
       strtold.c.obj                     650      112                0                 
       strtod.c.obj                      515      44                 0                 
       memory.c.obj                      468      4                  8                 
       trgmsg.c.obj                      149      0                  288               
       defs.c.obj                        0        42                 352               
       strtoll.c.obj                     362      0                  0                 
       strtoull.c.obj                    290      0                  0                 
       ll_div28.asm.obj                  263      0                  0                 
       ctype.c.obj                       0        257                0                 
       fopen.c.obj                       248      4                  1                 
       strtol.c.obj                      214      0                  0                 
       s_scalbn.c.obj                    174      28                 0                 
       write.c.obj                       25       41                 136               
       fputs.c.obj                       176      2                  0                 
       strtoul.c.obj                     177      0                  0                 
       fd_add28.asm.obj                  156      0                  0                 
       fd_div28.asm.obj                  139      0                  0                 
       setvbuf.c.obj                     137      0                  0                 
       fs_div28.asm.obj                  136      0                  0                 
       fd_mpy28.asm.obj                  131      0                  0                 
       open.c.obj                        113      4                  1                 
       fflush.c.obj                      115      0                  0                 
       sscanf.c.obj                      109      0                  0                 
       _io_perm.c.obj                    103      0                  0                 
       s_frexp.c.obj                     90       8                  0                 
       hostlseek.c.obj                   97       0                  0                 
       s_scalbnf.c.obj                   90       6                  0                 
       fclose.c.obj                      95       0                  0                 
       snprintf.c.obj                    90       0                  0                 
       boot28.asm.obj                    86       0                  0                 
       fputc.c.obj                       83       0                  0                 
       getdevice.c.obj                   81       0                  0                 
       hostopen.c.obj                    64       0                  8                 
       hostread.c.obj                    63       0                  0                 
       hostrename.c.obj                  62       0                  0                 
       exit.c.obj                        41       14                 6                 
       fseek.c.obj                       61       0                  0                 
       hostwrite.c.obj                   56       0                  0                 
       printf.c.obj                      52       0                  0                 
       close.c.obj                       51       0                  0                 
       atoi.c.obj                        49       0                  0                 
       ltoa.c.obj                        48       0                  0                 
       fd_cmp28.asm.obj                  42       0                  0                 
       l_div28.asm.obj                   42       0                  0                 
[...]
0     0031abb9  _ReadIO                                                        
0     0031abc5  _WriteIO                                                       
0     0031abd5  __system_post_cinit                                            
0     0031abd6  ___TI_writemsg                                                 
0     0031ac29  C$$IO$$                                                        
0     0031ac2e  ___TI_readmsg                                                  
0     0031ac6b  FD$$DIV                                                        
0     0031acf6  _setvbuf                                                       
0     0031ad7f  FS$$DIV                                                        
0     0031ae07  FD$$MPY                                                        
0     0031ae8a  _HexToL                                                        
0     0031aee4  _CalcCPULoadEnd                                                
0     0031af05  _InitCpuTimers                                                 
0     0031af3e  _ConfigCpuTimer                                                
0     0031af78  ___TI_doflush                                                  
0     0031afa7  _fflush                                                        
0     0031afeb  _open                                                          
0     0031b05c  _vsscanf                                                       
0     0031b06c  _sscanf                                                        
0     0031b0c9  ___TI_wrt_ok                                                   
0     0031b104  ___TI_rd_ok                                                    
0     0031b130  _Init_Task_Watch                                               
0     0031b16b  _Run_Task_Watch                                                
0     0031b195  _CompLed_Init                                                  
0     0031b1ad  _CompLed_SetOnOff                                              
0     0031b1c9  _CompLed_Run                                                   
0     0031b1f8  _HOSTlseek                                                     
0     0031b259  _CANOpen_Open                                                  
0     0031b260  _CANOpen_Close                                                 
0     0031b268  _CANOpen_RX                                                    
0     0031b26f  _CANOpen_TX                                                    
0     0031b276  _CANOpen_Read                                                  
0     0031b283  _CANOpen_Write                                                 
0     0031b2b8  ___TI_closefile                                                
0     0031b2fc  _fclose                                                        
0     0031b317  _frexpl                                                        
0     0031b371  _ldexp                                                         
0     0031b371  _ldexpf                                                        
0     0031b371  _scalbn                                                        
0     0031b371  _scalbnf                                                       
0     0031b3cb  _snprintf                                                      
0     0031b425  _c_int00                                                       
0     0031b47b  _Initperipheral                                                
0     0031b4aa  _InitIO                                                        
0     0031b4ce  _fputc                                                         
0     0031b4ce  _putc                                                          
0     0031b51c  _putchar                                                       
0     0031b521  _finddevice                                                    
0     0031b53c  _getdevice                                                     
0     0031b572  _ReadString_EEPROM                                             
0     0031b58e  _WriteString_EEPROM                                            
0     0031b5c2  _cpu_timer0_isr                                                
0     0031b611  _CreatTask_Temper                                              
0     0031b62d  _DestoryTask_Temper                                            
0     0031b633  _RunTask_Temper                                                
0     0031b63c  _CreatTask_Temper_NormalMold                                   
0     0031b648  _CreatTask_Temper_FastMold                                     
0     0031b654  _RunTask_Temper_NormalMold                                     
0     0031b659  _RunTask_Temper_FastMold                                       
0     0031b65e  _InitQEPA                                                      
0     0031b674  _InitQEPB                                                      
0     0031b68a  _ReadQEPA                                                      
0     0031b692  _ReadQEPB                                                      
0     0031b69a  _WriteQEPA                                                     
0     0031b6a2  _WriteQEPB                                                     
0     0031b6aa  _CreateTaskNet                                                 
0     0031b6da  _DestoryTaskNet                                                
0     0031b6e1  _RunTaskNet                                                    
0     0031b6e2  _DefaultDealIP                                                 
0     0031b6e7  _DefaultDealTECH                                               
0     0031b6ec  _HOSTopen                                                      
0     0031b72c  _HOSTread                                                      
0     0031b76b  _HOSTrename                                                    
0     0031b7a9  _fseek                                                         
0     0031b7e6  _HOSTwrite                                                     
0     0031b824  _printf                                                        
0     0031b852  _close                                                         
0     0031b885  _atoi                                                          
0     0031b8b6  _ltoa                                                          
0     0031b8e6  FD$$CMP                                                        
0     0031b910  L$$DIV                                                         
0     0031b91f  L$$MOD                                                         
0     0031b92d  UL$$DIV                                                        
0     0031b934  UL$$MOD                                                        
0     0031b93a  C$$EXIT                                                        
0     0031b93a  _abort                                                         
0     0031b93c  _exit                                                          
0     0031b963  _HOSTclose                                                     
0     0031b98c  _InitPieCtrl                                                   
0     0031b9ab  _EnableInterrupts                                              
0     0031b9b4  _copysignl                                                     
0     0031b9d9  _copy_in                                                       
0     0031b9fd  _HOSTunlink                                                    
0     0031ba21  I$$DIV                                                         
0     0031ba32  I$$MOD                                                         
0     0031ba43  FD$$TOI                                                        
0     0031ba64  _InitPieVectTable                                              
0     0031ba84  FD$$TOL                                                        
0     0031baa3  LL$$CMP                                                        
0     0031bab5  ULL$$CMP                                                       
0     0031bac1  _strncpy                                                       
0     0031badf  I$$TOFD                                                        
0     0031bafc  FS$$TOFD                                                       
0     0031bb18  L$$TOFD                                                        
0     0031bb34  __args_main                                                    
0     0031bb4d  _unlink                                                        
0     0031bb66  _write                                                         
0     0031bb7f  LL$$AND                                                        
0     0031bb87  LL$$OR                                                         
0     0031bb8f  LL$$XOR                                                        
0     0031bb97  _lseek                                                         
0     0031bbaf  _strncmp                                                       
0     0031bbc7  _memcmp                                                        
0     0031bbdc  LL$$MPY                                                        
0     0031bbf0  _copysign                                                      
0     0031bbf0  _copysignf                                                     
0     0031bc02  _memchr                                                        
0     0031bc12  FD$$SUB                                                        
0     0031bc20  _memccpy                                                       
0     0031bc2d  _strchr                                                        
0     0031bc39  _strrchr                                                       
0     0031bc44  U$$DIV                                                         
0     0031bc49  U$$MOD                                                         
0     0031bc4f  _strcmp                                                        
0     0031bc59  _InitADC                                                       
0     0031bc5e  _ReadADC                                                       
0     0031bc62  __register_unlock                                              
0     0031bc66  __register_lock                                                
0     0031bc6a  __nop                                                          
0     0031bc6b  FD$$NEG                                                        
0     0031bc74  _wcslen                                                        
0     0031bc85  _strlen                                                        
0     0031bc8d  _InitSpiDA                                                     
0     0031bc8e  _SpiDaOut                                                      
0     0031bc92  _strcpy                                                        
0     0031bc97  _GetVersion_Kernel                                             
0     0031bc9b  _remove                                                        
0     0031bc9e  __system_pre_init                                              
0     0031bca0  _gc_asAttribInfo                                               
0     00320d68  __ctypes_                                                      
0     00320e6a  _PieVectTableInit                                              
0     00321060  _gc_asGroup                                                    
0     00321978  _g_CMDMap                                                      
0     00321b94  _g_PC_commmap                                                  
0     00321bc0  _g_commmap                                                     
0     003224c7  _LEDSHOW_OFF                                                   
0     003224c8  _cnst_DealEtherCatFunc                                         
0     0032263d  _uc_assPulse                                                   
0     003228f2  _cnst_ADController                                             
0     0032290a  _gc_sCommComp                                                  
0     00322a58  _CNST_CANREG                                                   
0     00322a6c  _CNST_ENCODER                                                  
0     00322bab  _BitMask                                                       
0     00322bbb  _gc_asWatchIndex                                               
0     00322c90  _CNST_DSP54IP                                                  
0     00322c9c  _CNST_IOETH_EC                                                 
0     00322ca8  _CNST_PCIP                                                     
0     00322cb4  _g_PC_ctrlcmdmap                                               
0     00322cf0  _uc_NodeIDCheck_CAN2Tab                                        
0     00322d26  _IO_BitMask                                                    
0     00322d59  _CNST_INITSRCIP                                                
0     00322d5f  _gc_asDataType                                                 
0     00322d78  _LEDSHOW_SERVICE_STOP                                          
0     00322d7d  _g_logo                                                        
0     00322d82  _uc_NodeIDCheck_CAN1Tab                                        
0     00322d98  _Access__base_index                                            
0     00322d9c  _GeneralRW__base_index                                         
0     00322db0  _HEADER_RES                                                    
0     00322db1  _HEADER_REQ                                                    
0     00322db2  _FOOTER_RES                                                    
0     00322db3  _FOOTER_REQ                                                    
0     00322dd5  _LEDSHOW_1000MS                                                
0     00322dd8  _LEDSHOW_100MS                                                 
0     00322ddb  _u_Temper_Alg_Config                                           
0     00322dde  _u_Temper_Alg_Config_FastMold                                  
0     00322dfa  _LEDSHOW_ON                                                    
0     00322dfc  _Rexroth__base_index                                           
0     00322dfe  _gc_sOldWatchIndex                                             
0     00322e1a  _const_version_kernel                                          
0     00322e1c  ___cinit__                                                     
0     00322e1c  cinit                                                          
0     0032fd00  _u_BurnSystem                                                  
0     0032fffe  code_start                                                     
0     00380080  _ADC_cal                                                       
0     00380090  _PartIdRegs                                                    
0     003fe000  _IQsinTable                                                    
0     003fe100  _IQcosTable                                                    
0     003fe400  _IQsinTableEnd                                                 
0     003fe502  _IQcosTableEnd                                                 
0     003fe502  _IQdivRoundSatTable                                            
0     003fe510  _IQdivTable                                                    
0     003fe712  _IQdivTableEnd                                                 
0     003fe712  _IQisqrtRoundSatTable                                          
0     003fe712  _IQsqrtRoundSatTable                                           
0     003fe722  _IQisqrtTable                                                  
0     003fe722  _IQsqrtTable                                                   
0     003fe824  _IQatan2HalfPITable                                            
0     003fe824  _IQisqrtTableEnd                                               
0     003fe824  _IQsqrtTableEnd                                                
0     003fe862  _IQatan2Table                                                  
0     003fe9e8  _IQ30mpyRndSatTable                                            
0     003fe9e8  _IQatan2TableEnd                                               
0     003fe9e8  _IQmpyRndSatTable                                              
0     003fe9f4  _IQ29mpyRndSatTable                                            
0     003fea00  _IQ28mpyRndSatTable                                            
0     003fea0c  _IQ27mpyRndSatTable                                            
0     003fea18  _IQ26mpyRndSatTable                                            
0     003fea24  _IQ25mpyRndSatTable                                            
0     003fea30  _IQ24mpyRndSatTable                                            
0     003fea3c  _IQ23mpyRndSatTable                                            
0     003fea48  _IQ22mpyRndSatTable                                            
0     003fea54  _IQ21mpyRndSatTable                                            
0     003fea60  _IQ20mpyRndSatTable                                            
0     003fea6c  _IQ19mpyRndSatTable                                            
0     003fea78  _IQ18mpyRndSatTable                                            
0     003fea84  _IQ17mpyRndSatTable                                            
0     003fea90  _IQ16mpyRndSatTable                                            
0     003fea9c  _IQ15mpyRndSatTable                                            
0     003feaa8  _IQ14mpyRndSatTable                                            
0     003feab4  _IQ13mpyRndSatTable                                            
0     003feac0  _IQ12mpyRndSatTable                                            
0     003feacc  _IQ11mpyRndSatTable                                            
0     003fead8  _IQ10mpyRndSatTable                                            
0     003feae4  _IQ9mpyRndSatTable                                             
0     003feaf0  _IQ8mpyRndSatTable                                             
0     003feafc  _IQ7mpyRndSatTable                                             
0     003feb08  _IQ6mpyRndSatTable                                             
0     003feb14  _IQ5mpyRndSatTable                                             
0     003feb20  _IQ4mpyRndSatTable                                             
0     003feb2c  _IQ3mpyRndSatTable                                             
0     003feb38  _IQ2mpyRndSatTable                                             
0     003feb44  _IQ1mpyRndSatTable                                             
0     003feb50  _IQmpyRndSatTableEnd                                           
1     0033fff8  _CsmPwl                                                        
abs   00000180  __SYSMEM_SIZE                                                  
abs   00000400  __STACK_SIZE                                                   
abs   00000600  _heap_size                                                     
abs   ffffffff  .text                                                          
abs   ffffffff  ___TI_pprof_out_hndl                                           
abs   ffffffff  ___TI_prof_data_size                                           
abs   ffffffff  ___TI_prof_data_start                                          
abs   ffffffff  ___binit__                                                     
abs   ffffffff  ___c_args__                                                    
abs   ffffffff  ___etext__                                                     
abs   ffffffff  ___pinit__                                                     
abs   ffffffff  ___text__                                                      
abs   ffffffff  binit                                                          
abs   ffffffff  etext                                                          
abs   ffffffff  pinit                                                          

[1549 symbols]
