<?xml version="1.0" encoding="ISO-8859-1" ?>
<link_info>
   <banner>TMS320C2000 Linker PC v18.1.4.LTS</banner>
   <copyright>Copyright (c) 1996-2018 Texas Instruments Incorporated</copyright>
   <link_time>0x60eb895e</link_time>
   <link_errors>0x0</link_errors>
   <output_file>M28_HT.out</output_file>
   <entry_point>
      <name>_c_int00</name>
      <address>0x31b425</address>
   </entry_point>
   <input_file_list>
      <input_file id="fl-9">
         <path>.\TemperLib\source\</path>
         <kind>object</kind>
         <file>temper_alg.obj</file>
         <name>temper_alg.obj</name>
      </input_file>
      <input_file id="fl-a">
         <path>.\TemperLib\source\</path>
         <kind>object</kind>
         <file>temper_common.obj</file>
         <name>temper_common.obj</name>
      </input_file>
      <input_file id="fl-b">
         <path>.\app\asm\28335\</path>
         <kind>object</kind>
         <file>DSP2833x_CodeStartBranch.obj</file>
         <name>DSP2833x_CodeStartBranch.obj</name>
      </input_file>
      <input_file id="fl-c">
         <path>.\app\source\</path>
         <kind>object</kind>
         <file>Access.obj</file>
         <name>Access.obj</name>
      </input_file>
      <input_file id="fl-d">
         <path>.\app\source\</path>
         <kind>object</kind>
         <file>CANOpenCommon.obj</file>
         <name>CANOpenCommon.obj</name>
      </input_file>
      <input_file id="fl-e">
         <path>.\app\source\</path>
         <kind>object</kind>
         <file>CommComp_CANOpenMaster.obj</file>
         <name>CommComp_CANOpenMaster.obj</name>
      </input_file>
      <input_file id="fl-f">
         <path>.\app\source\</path>
         <kind>object</kind>
         <file>CommComp_Driver.obj</file>
         <name>CommComp_Driver.obj</name>
      </input_file>
      <input_file id="fl-10">
         <path>.\app\source\</path>
         <kind>object</kind>
         <file>CommComp_EtherCat.obj</file>
         <name>CommComp_EtherCat.obj</name>
      </input_file>
      <input_file id="fl-11">
         <path>.\app\source\</path>
         <kind>object</kind>
         <file>CommComp_Factory.obj</file>
         <name>CommComp_Factory.obj</name>
      </input_file>
      <input_file id="fl-12">
         <path>.\app\source\</path>
         <kind>object</kind>
         <file>CommComp_HTRobot.obj</file>
         <name>CommComp_HTRobot.obj</name>
      </input_file>
      <input_file id="fl-13">
         <path>.\app\source\</path>
         <kind>object</kind>
         <file>CommComp_Local.obj</file>
         <name>CommComp_Local.obj</name>
      </input_file>
      <input_file id="fl-14">
         <path>.\app\source\</path>
         <kind>object</kind>
         <file>CommComp_PwmtrCard.obj</file>
         <name>CommComp_PwmtrCard.obj</name>
      </input_file>
      <input_file id="fl-15">
         <path>.\app\source\</path>
         <kind>object</kind>
         <file>CommComp_RemoteIO.obj</file>
         <name>CommComp_RemoteIO.obj</name>
      </input_file>
      <input_file id="fl-16">
         <path>.\app\source\</path>
         <kind>object</kind>
         <file>CommComp_TemperCard.obj</file>
         <name>CommComp_TemperCard.obj</name>
      </input_file>
      <input_file id="fl-17">
         <path>.\app\source\</path>
         <kind>object</kind>
         <file>CommComp_turntable.obj</file>
         <name>CommComp_turntable.obj</name>
      </input_file>
      <input_file id="fl-18">
         <path>.\app\source\</path>
         <kind>object</kind>
         <file>Error_App.obj</file>
         <name>Error_App.obj</name>
      </input_file>
      <input_file id="fl-19">
         <path>.\app\source\</path>
         <kind>object</kind>
         <file>GeneralRW.obj</file>
         <name>GeneralRW.obj</name>
      </input_file>
      <input_file id="fl-1a">
         <path>.\app\source\</path>
         <kind>object</kind>
         <file>Rexroth.obj</file>
         <name>Rexroth.obj</name>
      </input_file>
      <input_file id="fl-1b">
         <path>.\app\source\</path>
         <kind>object</kind>
         <file>Task_Led.obj</file>
         <name>Task_Led.obj</name>
      </input_file>
      <input_file id="fl-1c">
         <path>.\app\source\</path>
         <kind>object</kind>
         <file>Task_Watch.obj</file>
         <name>Task_Watch.obj</name>
      </input_file>
      <input_file id="fl-1d">
         <path>.\app\source\</path>
         <kind>object</kind>
         <file>Watch.obj</file>
         <name>Watch.obj</name>
      </input_file>
      <input_file id="fl-1e">
         <path>.\app\source\</path>
         <kind>object</kind>
         <file>database.obj</file>
         <name>database.obj</name>
      </input_file>
      <input_file id="fl-1f">
         <path>.\app\source\</path>
         <kind>object</kind>
         <file>dbfunc.obj</file>
         <name>dbfunc.obj</name>
      </input_file>
      <input_file id="fl-20">
         <path>.\app\source\</path>
         <kind>object</kind>
         <file>initial.obj</file>
         <name>initial.obj</name>
      </input_file>
      <input_file id="fl-21">
         <path>.\app\source\</path>
         <kind>object</kind>
         <file>main.obj</file>
         <name>main.obj</name>
      </input_file>
      <input_file id="fl-22">
         <path>.\app\source\</path>
         <kind>object</kind>
         <file>system.obj</file>
         <name>system.obj</name>
      </input_file>
      <input_file id="fl-23">
         <path>.\app\source\</path>
         <kind>object</kind>
         <file>taskEtherCATMaster_app.obj</file>
         <name>taskEtherCATMaster_app.obj</name>
      </input_file>
      <input_file id="fl-24">
         <path>.\app\source\</path>
         <kind>object</kind>
         <file>taskTemper.obj</file>
         <name>taskTemper.obj</name>
      </input_file>
      <input_file id="fl-25">
         <path>.\app\source\</path>
         <kind>object</kind>
         <file>task_ethercatmaster.obj</file>
         <name>task_ethercatmaster.obj</name>
      </input_file>
      <input_file id="fl-26">
         <path>.\app\source\</path>
         <kind>object</kind>
         <file>taskio.obj</file>
         <name>taskio.obj</name>
      </input_file>
      <input_file id="fl-27">
         <path>.\app\source\</path>
         <kind>object</kind>
         <file>tasknet.obj</file>
         <name>tasknet.obj</name>
      </input_file>
      <input_file id="fl-28">
         <path>.\app\source\</path>
         <kind>object</kind>
         <file>tasknet_HMI.obj</file>
         <name>tasknet_HMI.obj</name>
      </input_file>
      <input_file id="fl-29">
         <path>.\app\source\</path>
         <kind>object</kind>
         <file>tasknet_PC.obj</file>
         <name>tasknet_PC.obj</name>
      </input_file>
      <input_file id="fl-2a">
         <path>.\app\source\</path>
         <kind>object</kind>
         <file>tasknet_master.obj</file>
         <name>tasknet_master.obj</name>
      </input_file>
      <input_file id="fl-2b">
         <path>.\drive\28335\source\</path>
         <kind>object</kind>
         <file>Utils.obj</file>
         <name>Utils.obj</name>
      </input_file>
      <input_file id="fl-2c">
         <path>.\kernel\comm\source\</path>
         <kind>object</kind>
         <file>task.obj</file>
         <name>task.obj</name>
      </input_file>
      <input_file id="fl-30">
         <kind>object</kind>
         <file>&lt;internal&gt;</file>
         <name>&lt;internal&gt;</name>
      </input_file>
      <input_file id="fl-31">
         <path>..\Project\28335\Debug\</path>
         <kind>archive</kind>
         <file>DSP2833x_TI.lib</file>
         <name>DSP2833x_CpuTimers.obj</name>
      </input_file>
      <input_file id="fl-32">
         <path>..\Project\28335\Debug\</path>
         <kind>archive</kind>
         <file>DSP2833x_TI.lib</file>
         <name>DSP2833x_DefaultIsr.obj</name>
      </input_file>
      <input_file id="fl-33">
         <path>..\Project\28335\Debug\</path>
         <kind>archive</kind>
         <file>DSP2833x_TI.lib</file>
         <name>DSP2833x_GlobalVariableDefs.obj</name>
      </input_file>
      <input_file id="fl-34">
         <path>..\Project\28335\Debug\</path>
         <kind>archive</kind>
         <file>DSP2833x_TI.lib</file>
         <name>DSP2833x_PieCtrl.obj</name>
      </input_file>
      <input_file id="fl-35">
         <path>..\Project\28335\Debug\</path>
         <kind>archive</kind>
         <file>DSP2833x_TI.lib</file>
         <name>DSP2833x_PieVect.obj</name>
      </input_file>
      <input_file id="fl-36">
         <path>..\Project\28335\Debug\</path>
         <kind>archive</kind>
         <file>DSP2833x_TI.lib</file>
         <name>DSP2833x_SysCtrl.obj</name>
      </input_file>
      <input_file id="fl-37">
         <path>..\Project\28335\Debug\</path>
         <kind>archive</kind>
         <file>DSP2833x_TI.lib</file>
         <name>DSP2833x_usDelay.obj</name>
      </input_file>
      <input_file id="fl-38">
         <path>..\Project\28335\Debug\</path>
         <kind>archive</kind>
         <file>DSP2833x_TI.lib</file>
         <name>DSP2833x_Xintf.obj</name>
      </input_file>
      <input_file id="fl-39">
         <path>..\Project\28335\Debug\</path>
         <kind>archive</kind>
         <file>DSP2833x_TI.lib</file>
         <name>DSP2833x_ADC_cal.obj</name>
      </input_file>
      <input_file id="fl-3a">
         <path>..\Project\28335\Debug\</path>
         <kind>archive</kind>
         <file>drive_28335.lib</file>
         <name>_ax88796b.obj</name>
      </input_file>
      <input_file id="fl-3b">
         <path>..\Project\28335\Debug\</path>
         <kind>archive</kind>
         <file>drive_28335.lib</file>
         <name>_eCan_28335.obj</name>
      </input_file>
      <input_file id="fl-3c">
         <path>..\Project\28335\Debug\</path>
         <kind>archive</kind>
         <file>drive_28335.lib</file>
         <name>_gpio_28335.obj</name>
      </input_file>
      <input_file id="fl-3d">
         <path>..\Project\28335\Debug\</path>
         <kind>archive</kind>
         <file>drive_28335.lib</file>
         <name>_io.obj</name>
      </input_file>
      <input_file id="fl-3e">
         <path>..\Project\28335\Debug\</path>
         <kind>archive</kind>
         <file>drive_28335.lib</file>
         <name>_led_28335.obj</name>
      </input_file>
      <input_file id="fl-3f">
         <path>..\Project\28335\Debug\</path>
         <kind>archive</kind>
         <file>drive_28335.lib</file>
         <name>_ltc1864_28335.obj</name>
      </input_file>
      <input_file id="fl-40">
         <path>..\Project\28335\Debug\</path>
         <kind>archive</kind>
         <file>drive_28335.lib</file>
         <name>_timer_28335.obj</name>
      </input_file>
      <input_file id="fl-41">
         <path>..\Project\28335\Debug\</path>
         <kind>archive</kind>
         <file>drive_28335.lib</file>
         <name>_adc_28335.obj</name>
      </input_file>
      <input_file id="fl-42">
         <path>..\Project\28335\Debug\</path>
         <kind>archive</kind>
         <file>drive_28335.lib</file>
         <name>_dac_28335.obj</name>
      </input_file>
      <input_file id="fl-43">
         <path>..\Project\28335\Debug\</path>
         <kind>archive</kind>
         <file>drive_28335.lib</file>
         <name>_encoder_28335.obj</name>
      </input_file>
      <input_file id="fl-44">
         <path>..\Project\28335\Debug\</path>
         <kind>archive</kind>
         <file>firmware_28335.lib</file>
         <name>eeprom.obj</name>
      </input_file>
      <input_file id="fl-45">
         <path>..\Project\28335\Debug\</path>
         <kind>archive</kind>
         <file>firmware_28335.lib</file>
         <name>ethernet.obj</name>
      </input_file>
      <input_file id="fl-46">
         <path>..\Project\28335\Debug\</path>
         <kind>archive</kind>
         <file>kernel_28335.lib</file>
         <name>memory_manager.obj</name>
      </input_file>
      <input_file id="fl-47">
         <path>..\Project\28335\Debug\</path>
         <kind>archive</kind>
         <file>kernel_28335.lib</file>
         <name>CalibrateAD.obj</name>
      </input_file>
      <input_file id="fl-48">
         <path>..\Project\28335\Debug\</path>
         <kind>archive</kind>
         <file>kernel_28335.lib</file>
         <name>CompLed.obj</name>
      </input_file>
      <input_file id="fl-49">
         <path>..\Project\28335\Debug\</path>
         <kind>archive</kind>
         <file>kernel_28335.lib</file>
         <name>CompPulse.obj</name>
      </input_file>
      <input_file id="fl-4a">
         <path>..\Project\28335\Debug\</path>
         <kind>archive</kind>
         <file>kernel_28335.lib</file>
         <name>ethercatmaster.obj</name>
      </input_file>
      <input_file id="fl-4b">
         <path>..\Project\28335\Debug\</path>
         <kind>archive</kind>
         <file>kernel_28335.lib</file>
         <name>ethercatmaster_Sync.obj</name>
      </input_file>
      <input_file id="fl-4c">
         <path>..\Project\28335\Debug\</path>
         <kind>archive</kind>
         <file>kernel_28335.lib</file>
         <name>ethercatmaster_coe.obj</name>
      </input_file>
      <input_file id="fl-4d">
         <path>..\Project\28335\Debug\</path>
         <kind>archive</kind>
         <file>kernel_28335.lib</file>
         <name>ethercatmaster_eoe.obj</name>
      </input_file>
      <input_file id="fl-4e">
         <path>..\Project\28335\Debug\</path>
         <kind>archive</kind>
         <file>kernel_28335.lib</file>
         <name>ethercatmaster_foe.obj</name>
      </input_file>
      <input_file id="fl-4f">
         <path>..\Project\28335\Debug\</path>
         <kind>archive</kind>
         <file>kernel_28335.lib</file>
         <name>tftp_server.obj</name>
      </input_file>
      <input_file id="fl-50">
         <path>..\Project\28335\Debug\</path>
         <kind>archive</kind>
         <file>kernel_28335.lib</file>
         <name>version_kernel.obj</name>
      </input_file>
      <input_file id="fl-51">
         <path>..\Project\28335\Debug\</path>
         <kind>archive</kind>
         <file>kernel_28335.lib</file>
         <name>memory.obj</name>
      </input_file>
      <input_file id="fl-52">
         <path>..\Project\28335\Debug\</path>
         <kind>archive</kind>
         <file>kernel_28335.lib</file>
         <name>rbtree.obj</name>
      </input_file>
      <input_file id="fl-53">
         <path>..\Project\28335\Debug\</path>
         <kind>archive</kind>
         <file>kernel_28335.lib</file>
         <name>tftp.obj</name>
      </input_file>
      <input_file id="fl-54">
         <path>..\Project\28335\Debug\</path>
         <kind>archive</kind>
         <file>IQmath_fpu32.lib</file>
         <name>IQ24div.obj</name>
      </input_file>
      <input_file id="fl-55">
         <path>..\Project\28335\Debug\</path>
         <kind>archive</kind>
         <file>IQmath_fpu32.lib</file>
         <name>IQ24rsmpy.obj</name>
      </input_file>
      <input_file id="fl-56">
         <path>..\Project\28335\Debug\</path>
         <kind>archive</kind>
         <file>IQmath_fpu32.lib</file>
         <name>IQmathTables.obj</name>
      </input_file>
      <input_file id="fl-57">
         <path>..\Project\28335\Debug\</path>
         <kind>archive</kind>
         <file>DSP2833x_TI.lib</file>
         <name>DSP2833x_DMA.obj</name>
      </input_file>
      <input_file id="fl-58">
         <path>..\Project\28335\Debug\</path>
         <kind>archive</kind>
         <file>drive_28335.lib</file>
         <name>_25lc256_28335.obj</name>
      </input_file>
      <input_file id="fl-59">
         <path>..\Project\28335\Debug\</path>
         <kind>archive</kind>
         <file>drive_28335.lib</file>
         <name>_spi.obj</name>
      </input_file>
      <input_file id="fl-5a">
         <path>..\Project\28335\Debug\</path>
         <kind>archive</kind>
         <file>firmware_28335.lib</file>
         <name>ethernet_switch.obj</name>
      </input_file>
      <input_file id="fl-67">
         <path>C:\ti\ccsv8\tools\compiler\ti-cgt-c2000_18.1.4.LTS\lib\</path>
         <kind>archive</kind>
         <file>rts2800_fpu32.lib</file>
         <name>boot28.asm.obj</name>
      </input_file>
      <input_file id="fl-68">
         <path>C:\ti\ccsv8\tools\compiler\ti-cgt-c2000_18.1.4.LTS\lib\</path>
         <kind>archive</kind>
         <file>rts2800_fpu32.lib</file>
         <name>fd_mpy28.asm.obj</name>
      </input_file>
      <input_file id="fl-69">
         <path>C:\ti\ccsv8\tools\compiler\ti-cgt-c2000_18.1.4.LTS\lib\</path>
         <kind>archive</kind>
         <file>rts2800_fpu32.lib</file>
         <name>fd_tol28.asm.obj</name>
      </input_file>
      <input_file id="fl-6a">
         <path>C:\ti\ccsv8\tools\compiler\ti-cgt-c2000_18.1.4.LTS\lib\</path>
         <kind>archive</kind>
         <file>rts2800_fpu32.lib</file>
         <name>fs_div28.asm.obj</name>
      </input_file>
      <input_file id="fl-6b">
         <path>C:\ti\ccsv8\tools\compiler\ti-cgt-c2000_18.1.4.LTS\lib\</path>
         <kind>archive</kind>
         <file>rts2800_fpu32.lib</file>
         <name>ll_aox28.asm.obj</name>
      </input_file>
      <input_file id="fl-6c">
         <path>C:\ti\ccsv8\tools\compiler\ti-cgt-c2000_18.1.4.LTS\lib\</path>
         <kind>archive</kind>
         <file>rts2800_fpu32.lib</file>
         <name>i_div28.asm.obj</name>
      </input_file>
      <input_file id="fl-6d">
         <path>C:\ti\ccsv8\tools\compiler\ti-cgt-c2000_18.1.4.LTS\lib\</path>
         <kind>archive</kind>
         <file>rts2800_fpu32.lib</file>
         <name>u_div28.asm.obj</name>
      </input_file>
      <input_file id="fl-6e">
         <path>C:\ti\ccsv8\tools\compiler\ti-cgt-c2000_18.1.4.LTS\lib\</path>
         <kind>archive</kind>
         <file>rts2800_fpu32.lib</file>
         <name>l_div28.asm.obj</name>
      </input_file>
      <input_file id="fl-6f">
         <path>C:\ti\ccsv8\tools\compiler\ti-cgt-c2000_18.1.4.LTS\lib\</path>
         <kind>archive</kind>
         <file>rts2800_fpu32.lib</file>
         <name>fs_tofdfpu32.asm.obj</name>
      </input_file>
      <input_file id="fl-70">
         <path>C:\ti\ccsv8\tools\compiler\ti-cgt-c2000_18.1.4.LTS\lib\</path>
         <kind>archive</kind>
         <file>rts2800_fpu32.lib</file>
         <name>cpy_tbl.c.obj</name>
      </input_file>
      <input_file id="fl-71">
         <path>C:\ti\ccsv8\tools\compiler\ti-cgt-c2000_18.1.4.LTS\lib\</path>
         <kind>archive</kind>
         <file>rts2800_fpu32.lib</file>
         <name>pre_init.c.obj</name>
      </input_file>
      <input_file id="fl-72">
         <path>C:\ti\ccsv8\tools\compiler\ti-cgt-c2000_18.1.4.LTS\lib\</path>
         <kind>archive</kind>
         <file>rts2800_fpu32.lib</file>
         <name>startup.c.obj</name>
      </input_file>
      <input_file id="fl-73">
         <path>C:\ti\ccsv8\tools\compiler\ti-cgt-c2000_18.1.4.LTS\lib\</path>
         <kind>archive</kind>
         <file>rts2800_fpu32.lib</file>
         <name>exit.c.obj</name>
      </input_file>
      <input_file id="fl-74">
         <path>C:\ti\ccsv8\tools\compiler\ti-cgt-c2000_18.1.4.LTS\lib\</path>
         <kind>archive</kind>
         <file>rts2800_fpu32.lib</file>
         <name>_lock.c.obj</name>
      </input_file>
      <input_file id="fl-75">
         <path>C:\ti\ccsv8\tools\compiler\ti-cgt-c2000_18.1.4.LTS\lib\</path>
         <kind>archive</kind>
         <file>rts2800_fpu32.lib</file>
         <name>args_main.c.obj</name>
      </input_file>
      <input_file id="fl-76">
         <path>C:\ti\ccsv8\tools\compiler\ti-cgt-c2000_18.1.4.LTS\lib\</path>
         <kind>archive</kind>
         <file>rts2800_fpu32.lib</file>
         <name>fputc.c.obj</name>
      </input_file>
      <input_file id="fl-77">
         <path>C:\ti\ccsv8\tools\compiler\ti-cgt-c2000_18.1.4.LTS\lib\</path>
         <kind>archive</kind>
         <file>rts2800_fpu32.lib</file>
         <name>memcmp.c.obj</name>
      </input_file>
      <input_file id="fl-78">
         <path>C:\ti\ccsv8\tools\compiler\ti-cgt-c2000_18.1.4.LTS\lib\</path>
         <kind>archive</kind>
         <file>rts2800_fpu32.lib</file>
         <name>printf.c.obj</name>
      </input_file>
      <input_file id="fl-79">
         <path>C:\ti\ccsv8\tools\compiler\ti-cgt-c2000_18.1.4.LTS\lib\</path>
         <kind>archive</kind>
         <file>rts2800_fpu32.lib</file>
         <name>snprintf.c.obj</name>
      </input_file>
      <input_file id="fl-7a">
         <path>C:\ti\ccsv8\tools\compiler\ti-cgt-c2000_18.1.4.LTS\lib\</path>
         <kind>archive</kind>
         <file>rts2800_fpu32.lib</file>
         <name>sscanf.c.obj</name>
      </input_file>
      <input_file id="fl-7b">
         <path>C:\ti\ccsv8\tools\compiler\ti-cgt-c2000_18.1.4.LTS\lib\</path>
         <kind>archive</kind>
         <file>rts2800_fpu32.lib</file>
         <name>strchr.c.obj</name>
      </input_file>
      <input_file id="fl-7c">
         <path>C:\ti\ccsv8\tools\compiler\ti-cgt-c2000_18.1.4.LTS\lib\</path>
         <kind>archive</kind>
         <file>rts2800_fpu32.lib</file>
         <name>strcmp.c.obj</name>
      </input_file>
      <input_file id="fl-7d">
         <path>C:\ti\ccsv8\tools\compiler\ti-cgt-c2000_18.1.4.LTS\lib\</path>
         <kind>archive</kind>
         <file>rts2800_fpu32.lib</file>
         <name>strcpy.c.obj</name>
      </input_file>
      <input_file id="fl-7e">
         <path>C:\ti\ccsv8\tools\compiler\ti-cgt-c2000_18.1.4.LTS\lib\</path>
         <kind>archive</kind>
         <file>rts2800_fpu32.lib</file>
         <name>strlen.c.obj</name>
      </input_file>
      <input_file id="fl-7f">
         <path>C:\ti\ccsv8\tools\compiler\ti-cgt-c2000_18.1.4.LTS\lib\</path>
         <kind>archive</kind>
         <file>rts2800_fpu32.lib</file>
         <name>strncmp.c.obj</name>
      </input_file>
      <input_file id="fl-80">
         <path>C:\ti\ccsv8\tools\compiler\ti-cgt-c2000_18.1.4.LTS\lib\</path>
         <kind>archive</kind>
         <file>rts2800_fpu32.lib</file>
         <name>write.c.obj</name>
      </input_file>
      <input_file id="fl-81">
         <path>C:\ti\ccsv8\tools\compiler\ti-cgt-c2000_18.1.4.LTS\lib\</path>
         <kind>archive</kind>
         <file>rts2800_fpu32.lib</file>
         <name>_io_perm.c.obj</name>
      </input_file>
      <input_file id="fl-82">
         <path>C:\ti\ccsv8\tools\compiler\ti-cgt-c2000_18.1.4.LTS\lib\</path>
         <kind>archive</kind>
         <file>rts2800_fpu32.lib</file>
         <name>_printfi.c.obj</name>
      </input_file>
      <input_file id="fl-83">
         <path>C:\ti\ccsv8\tools\compiler\ti-cgt-c2000_18.1.4.LTS\lib\</path>
         <kind>archive</kind>
         <file>rts2800_fpu32.lib</file>
         <name>_scanfi.c.obj</name>
      </input_file>
      <input_file id="fl-84">
         <path>C:\ti\ccsv8\tools\compiler\ti-cgt-c2000_18.1.4.LTS\lib\</path>
         <kind>archive</kind>
         <file>rts2800_fpu32.lib</file>
         <name>atoi.c.obj</name>
      </input_file>
      <input_file id="fl-85">
         <path>C:\ti\ccsv8\tools\compiler\ti-cgt-c2000_18.1.4.LTS\lib\</path>
         <kind>archive</kind>
         <file>rts2800_fpu32.lib</file>
         <name>ctype.c.obj</name>
      </input_file>
      <input_file id="fl-86">
         <path>C:\ti\ccsv8\tools\compiler\ti-cgt-c2000_18.1.4.LTS\lib\</path>
         <kind>archive</kind>
         <file>rts2800_fpu32.lib</file>
         <name>defs.c.obj</name>
      </input_file>
      <input_file id="fl-87">
         <path>C:\ti\ccsv8\tools\compiler\ti-cgt-c2000_18.1.4.LTS\lib\</path>
         <kind>archive</kind>
         <file>rts2800_fpu32.lib</file>
         <name>fflush.c.obj</name>
      </input_file>
      <input_file id="fl-88">
         <path>C:\ti\ccsv8\tools\compiler\ti-cgt-c2000_18.1.4.LTS\lib\</path>
         <kind>archive</kind>
         <file>rts2800_fpu32.lib</file>
         <name>fputs.c.obj</name>
      </input_file>
      <input_file id="fl-89">
         <path>C:\ti\ccsv8\tools\compiler\ti-cgt-c2000_18.1.4.LTS\lib\</path>
         <kind>archive</kind>
         <file>rts2800_fpu32.lib</file>
         <name>fseek.c.obj</name>
      </input_file>
      <input_file id="fl-8a">
         <path>C:\ti\ccsv8\tools\compiler\ti-cgt-c2000_18.1.4.LTS\lib\</path>
         <kind>archive</kind>
         <file>rts2800_fpu32.lib</file>
         <name>lseek.c.obj</name>
      </input_file>
      <input_file id="fl-8b">
         <path>C:\ti\ccsv8\tools\compiler\ti-cgt-c2000_18.1.4.LTS\lib\</path>
         <kind>archive</kind>
         <file>rts2800_fpu32.lib</file>
         <name>ltoa.c.obj</name>
      </input_file>
      <input_file id="fl-8c">
         <path>C:\ti\ccsv8\tools\compiler\ti-cgt-c2000_18.1.4.LTS\lib\</path>
         <kind>archive</kind>
         <file>rts2800_fpu32.lib</file>
         <name>memccpy.c.obj</name>
      </input_file>
      <input_file id="fl-8d">
         <path>C:\ti\ccsv8\tools\compiler\ti-cgt-c2000_18.1.4.LTS\lib\</path>
         <kind>archive</kind>
         <file>rts2800_fpu32.lib</file>
         <name>memchr.c.obj</name>
      </input_file>
      <input_file id="fl-8e">
         <path>C:\ti\ccsv8\tools\compiler\ti-cgt-c2000_18.1.4.LTS\lib\</path>
         <kind>archive</kind>
         <file>rts2800_fpu32.lib</file>
         <name>setvbuf.c.obj</name>
      </input_file>
      <input_file id="fl-8f">
         <path>C:\ti\ccsv8\tools\compiler\ti-cgt-c2000_18.1.4.LTS\lib\</path>
         <kind>archive</kind>
         <file>rts2800_fpu32.lib</file>
         <name>strrchr.c.obj</name>
      </input_file>
      <input_file id="fl-90">
         <path>C:\ti\ccsv8\tools\compiler\ti-cgt-c2000_18.1.4.LTS\lib\</path>
         <kind>archive</kind>
         <file>rts2800_fpu32.lib</file>
         <name>strtod.c.obj</name>
      </input_file>
      <input_file id="fl-91">
         <path>C:\ti\ccsv8\tools\compiler\ti-cgt-c2000_18.1.4.LTS\lib\</path>
         <kind>archive</kind>
         <file>rts2800_fpu32.lib</file>
         <name>strtol.c.obj</name>
      </input_file>
      <input_file id="fl-92">
         <path>C:\ti\ccsv8\tools\compiler\ti-cgt-c2000_18.1.4.LTS\lib\</path>
         <kind>archive</kind>
         <file>rts2800_fpu32.lib</file>
         <name>strtold.c.obj</name>
      </input_file>
      <input_file id="fl-93">
         <path>C:\ti\ccsv8\tools\compiler\ti-cgt-c2000_18.1.4.LTS\lib\</path>
         <kind>archive</kind>
         <file>rts2800_fpu32.lib</file>
         <name>strtoll.c.obj</name>
      </input_file>
      <input_file id="fl-94">
         <path>C:\ti\ccsv8\tools\compiler\ti-cgt-c2000_18.1.4.LTS\lib\</path>
         <kind>archive</kind>
         <file>rts2800_fpu32.lib</file>
         <name>strtoul.c.obj</name>
      </input_file>
      <input_file id="fl-95">
         <path>C:\ti\ccsv8\tools\compiler\ti-cgt-c2000_18.1.4.LTS\lib\</path>
         <kind>archive</kind>
         <file>rts2800_fpu32.lib</file>
         <name>strtoull.c.obj</name>
      </input_file>
      <input_file id="fl-96">
         <path>C:\ti\ccsv8\tools\compiler\ti-cgt-c2000_18.1.4.LTS\lib\</path>
         <kind>archive</kind>
         <file>rts2800_fpu32.lib</file>
         <name>hostclose.c.obj</name>
      </input_file>
      <input_file id="fl-97">
         <path>C:\ti\ccsv8\tools\compiler\ti-cgt-c2000_18.1.4.LTS\lib\</path>
         <kind>archive</kind>
         <file>rts2800_fpu32.lib</file>
         <name>hostlseek.c.obj</name>
      </input_file>
      <input_file id="fl-98">
         <path>C:\ti\ccsv8\tools\compiler\ti-cgt-c2000_18.1.4.LTS\lib\</path>
         <kind>archive</kind>
         <file>rts2800_fpu32.lib</file>
         <name>hostopen.c.obj</name>
      </input_file>
      <input_file id="fl-99">
         <path>C:\ti\ccsv8\tools\compiler\ti-cgt-c2000_18.1.4.LTS\lib\</path>
         <kind>archive</kind>
         <file>rts2800_fpu32.lib</file>
         <name>hostread.c.obj</name>
      </input_file>
      <input_file id="fl-9a">
         <path>C:\ti\ccsv8\tools\compiler\ti-cgt-c2000_18.1.4.LTS\lib\</path>
         <kind>archive</kind>
         <file>rts2800_fpu32.lib</file>
         <name>hostrename.c.obj</name>
      </input_file>
      <input_file id="fl-9b">
         <path>C:\ti\ccsv8\tools\compiler\ti-cgt-c2000_18.1.4.LTS\lib\</path>
         <kind>archive</kind>
         <file>rts2800_fpu32.lib</file>
         <name>hostunlink.c.obj</name>
      </input_file>
      <input_file id="fl-9c">
         <path>C:\ti\ccsv8\tools\compiler\ti-cgt-c2000_18.1.4.LTS\lib\</path>
         <kind>archive</kind>
         <file>rts2800_fpu32.lib</file>
         <name>hostwrite.c.obj</name>
      </input_file>
      <input_file id="fl-9d">
         <path>C:\ti\ccsv8\tools\compiler\ti-cgt-c2000_18.1.4.LTS\lib\</path>
         <kind>archive</kind>
         <file>rts2800_fpu32.lib</file>
         <name>trgmsg.c.obj</name>
      </input_file>
      <input_file id="fl-9e">
         <path>C:\ti\ccsv8\tools\compiler\ti-cgt-c2000_18.1.4.LTS\lib\</path>
         <kind>archive</kind>
         <file>rts2800_fpu32.lib</file>
         <name>s_frexp.c.obj</name>
      </input_file>
      <input_file id="fl-9f">
         <path>C:\ti\ccsv8\tools\compiler\ti-cgt-c2000_18.1.4.LTS\lib\</path>
         <kind>archive</kind>
         <file>rts2800_fpu32.lib</file>
         <name>s_scalbn.c.obj</name>
      </input_file>
      <input_file id="fl-a0">
         <path>C:\ti\ccsv8\tools\compiler\ti-cgt-c2000_18.1.4.LTS\lib\</path>
         <kind>archive</kind>
         <file>rts2800_fpu32.lib</file>
         <name>s_copysign.c.obj</name>
      </input_file>
      <input_file id="fl-a1">
         <path>C:\ti\ccsv8\tools\compiler\ti-cgt-c2000_18.1.4.LTS\lib\</path>
         <kind>archive</kind>
         <file>rts2800_fpu32.lib</file>
         <name>s_scalbnf.c.obj</name>
      </input_file>
      <input_file id="fl-a2">
         <path>C:\ti\ccsv8\tools\compiler\ti-cgt-c2000_18.1.4.LTS\lib\</path>
         <kind>archive</kind>
         <file>rts2800_fpu32.lib</file>
         <name>fd_add28.asm.obj</name>
      </input_file>
      <input_file id="fl-a3">
         <path>C:\ti\ccsv8\tools\compiler\ti-cgt-c2000_18.1.4.LTS\lib\</path>
         <kind>archive</kind>
         <file>rts2800_fpu32.lib</file>
         <name>fd_cmp28.asm.obj</name>
      </input_file>
      <input_file id="fl-a4">
         <path>C:\ti\ccsv8\tools\compiler\ti-cgt-c2000_18.1.4.LTS\lib\</path>
         <kind>archive</kind>
         <file>rts2800_fpu32.lib</file>
         <name>fd_div28.asm.obj</name>
      </input_file>
      <input_file id="fl-a5">
         <path>C:\ti\ccsv8\tools\compiler\ti-cgt-c2000_18.1.4.LTS\lib\</path>
         <kind>archive</kind>
         <file>rts2800_fpu32.lib</file>
         <name>fd_neg28.asm.obj</name>
      </input_file>
      <input_file id="fl-a6">
         <path>C:\ti\ccsv8\tools\compiler\ti-cgt-c2000_18.1.4.LTS\lib\</path>
         <kind>archive</kind>
         <file>rts2800_fpu32.lib</file>
         <name>fd_sub28.asm.obj</name>
      </input_file>
      <input_file id="fl-a7">
         <path>C:\ti\ccsv8\tools\compiler\ti-cgt-c2000_18.1.4.LTS\lib\</path>
         <kind>archive</kind>
         <file>rts2800_fpu32.lib</file>
         <name>fd_toi28.asm.obj</name>
      </input_file>
      <input_file id="fl-a8">
         <path>C:\ti\ccsv8\tools\compiler\ti-cgt-c2000_18.1.4.LTS\lib\</path>
         <kind>archive</kind>
         <file>rts2800_fpu32.lib</file>
         <name>ll_cmp28.asm.obj</name>
      </input_file>
      <input_file id="fl-a9">
         <path>C:\ti\ccsv8\tools\compiler\ti-cgt-c2000_18.1.4.LTS\lib\</path>
         <kind>archive</kind>
         <file>rts2800_fpu32.lib</file>
         <name>ll_div28.asm.obj</name>
      </input_file>
      <input_file id="fl-aa">
         <path>C:\ti\ccsv8\tools\compiler\ti-cgt-c2000_18.1.4.LTS\lib\</path>
         <kind>archive</kind>
         <file>rts2800_fpu32.lib</file>
         <name>ll_mpy28.asm.obj</name>
      </input_file>
      <input_file id="fl-ab">
         <path>C:\ti\ccsv8\tools\compiler\ti-cgt-c2000_18.1.4.LTS\lib\</path>
         <kind>archive</kind>
         <file>rts2800_fpu32.lib</file>
         <name>i_tofd28.asm.obj</name>
      </input_file>
      <input_file id="fl-ac">
         <path>C:\ti\ccsv8\tools\compiler\ti-cgt-c2000_18.1.4.LTS\lib\</path>
         <kind>archive</kind>
         <file>rts2800_fpu32.lib</file>
         <name>l_tofd28.asm.obj</name>
      </input_file>
      <input_file id="fl-ad">
         <path>C:\ti\ccsv8\tools\compiler\ti-cgt-c2000_18.1.4.LTS\lib\</path>
         <kind>archive</kind>
         <file>rts2800_fpu32.lib</file>
         <name>wcslen.c.obj</name>
      </input_file>
      <input_file id="fl-ae">
         <path>C:\ti\ccsv8\tools\compiler\ti-cgt-c2000_18.1.4.LTS\lib\</path>
         <kind>archive</kind>
         <file>rts2800_fpu32.lib</file>
         <name>errno.c.obj</name>
      </input_file>
      <input_file id="fl-af">
         <path>C:\ti\ccsv8\tools\compiler\ti-cgt-c2000_18.1.4.LTS\lib\</path>
         <kind>archive</kind>
         <file>rts2800_fpu32.lib</file>
         <name>memory.c.obj</name>
      </input_file>
      <input_file id="fl-b0">
         <path>C:\ti\ccsv8\tools\compiler\ti-cgt-c2000_18.1.4.LTS\lib\</path>
         <kind>archive</kind>
         <file>rts2800_fpu32.lib</file>
         <name>fopen.c.obj</name>
      </input_file>
      <input_file id="fl-b1">
         <path>C:\ti\ccsv8\tools\compiler\ti-cgt-c2000_18.1.4.LTS\lib\</path>
         <kind>archive</kind>
         <file>rts2800_fpu32.lib</file>
         <name>open.c.obj</name>
      </input_file>
      <input_file id="fl-b2">
         <path>C:\ti\ccsv8\tools\compiler\ti-cgt-c2000_18.1.4.LTS\lib\</path>
         <kind>archive</kind>
         <file>rts2800_fpu32.lib</file>
         <name>s_copysignf.c.obj</name>
      </input_file>
      <input_file id="fl-b3">
         <path>C:\ti\ccsv8\tools\compiler\ti-cgt-c2000_18.1.4.LTS\lib\</path>
         <kind>archive</kind>
         <file>rts2800_fpu32.lib</file>
         <name>fclose.c.obj</name>
      </input_file>
      <input_file id="fl-b4">
         <path>C:\ti\ccsv8\tools\compiler\ti-cgt-c2000_18.1.4.LTS\lib\</path>
         <kind>archive</kind>
         <file>rts2800_fpu32.lib</file>
         <name>getdevice.c.obj</name>
      </input_file>
      <input_file id="fl-b5">
         <path>C:\ti\ccsv8\tools\compiler\ti-cgt-c2000_18.1.4.LTS\lib\</path>
         <kind>archive</kind>
         <file>rts2800_fpu32.lib</file>
         <name>remove.c.obj</name>
      </input_file>
      <input_file id="fl-b6">
         <path>C:\ti\ccsv8\tools\compiler\ti-cgt-c2000_18.1.4.LTS\lib\</path>
         <kind>archive</kind>
         <file>rts2800_fpu32.lib</file>
         <name>strncpy.c.obj</name>
      </input_file>
      <input_file id="fl-b7">
         <path>C:\ti\ccsv8\tools\compiler\ti-cgt-c2000_18.1.4.LTS\lib\</path>
         <kind>archive</kind>
         <file>rts2800_fpu32.lib</file>
         <name>unlink.c.obj</name>
      </input_file>
      <input_file id="fl-b8">
         <path>C:\ti\ccsv8\tools\compiler\ti-cgt-c2000_18.1.4.LTS\lib\</path>
         <kind>archive</kind>
         <file>rts2800_fpu32.lib</file>
         <name>close.c.obj</name>
      </input_file>
   </input_file_list>
   <object_component_list>
      <object_component id="oc-5d">
         <name>.cinit</name>
         <load_address>0x322e1c</load_address>
         <run_address>0x322e1c</run_address>
         <size>0x1bc</size>
         <input_file_ref idref="fl-a"/>
      </object_component>
      <object_component id="oc-12f">
         <name>.cinit</name>
         <load_address>0x322fd8</load_address>
         <run_address>0x322fd8</run_address>
         <size>0xb7</size>
         <input_file_ref idref="fl-2a"/>
      </object_component>
      <object_component id="oc-127">
         <name>.cinit</name>
         <load_address>0x32308f</load_address>
         <run_address>0x32308f</run_address>
         <size>0x8f</size>
         <input_file_ref idref="fl-29"/>
      </object_component>
      <object_component id="oc-109">
         <name>.cinit</name>
         <load_address>0x32311e</load_address>
         <run_address>0x32311e</run_address>
         <size>0x77</size>
         <input_file_ref idref="fl-25"/>
      </object_component>
      <object_component id="oc-11f">
         <name>.cinit</name>
         <load_address>0x323195</load_address>
         <run_address>0x323195</run_address>
         <size>0x70</size>
         <input_file_ref idref="fl-28"/>
      </object_component>
      <object_component id="oc-1e2">
         <name>.cinit</name>
         <load_address>0x323205</load_address>
         <run_address>0x323205</run_address>
         <size>0x43</size>
         <input_file_ref idref="fl-44"/>
      </object_component>
      <object_component id="oc-209">
         <name>.cinit</name>
         <load_address>0x323248</load_address>
         <run_address>0x323248</run_address>
         <size>0x40</size>
         <input_file_ref idref="fl-4a"/>
      </object_component>
      <object_component id="oc-1a2">
         <name>.cinit</name>
         <load_address>0x323288</load_address>
         <run_address>0x323288</run_address>
         <size>0x2a</size>
         <input_file_ref idref="fl-3a"/>
      </object_component>
      <object_component id="oc-309">
         <name>.cinit</name>
         <load_address>0x3232b2</load_address>
         <run_address>0x3232b2</run_address>
         <size>0x2a</size>
         <input_file_ref idref="fl-86"/>
      </object_component>
      <object_component id="oc-2e9">
         <name>.cinit</name>
         <load_address>0x3232dc</load_address>
         <run_address>0x3232dc</run_address>
         <size>0x29</size>
         <input_file_ref idref="fl-80"/>
      </object_component>
      <object_component id="oc-fc">
         <name>.cinit</name>
         <load_address>0x323305</load_address>
         <run_address>0x323305</run_address>
         <size>0x22</size>
         <input_file_ref idref="fl-23"/>
      </object_component>
      <object_component id="oc-1e9">
         <name>.cinit</name>
         <load_address>0x323327</load_address>
         <run_address>0x323327</run_address>
         <size>0x21</size>
         <input_file_ref idref="fl-45"/>
      </object_component>
      <object_component id="oc-f0">
         <name>.cinit</name>
         <load_address>0x323348</load_address>
         <run_address>0x323348</run_address>
         <size>0x1e</size>
         <input_file_ref idref="fl-21"/>
      </object_component>
      <object_component id="oc-1ca">
         <name>.cinit</name>
         <load_address>0x323366</load_address>
         <run_address>0x323366</run_address>
         <size>0x1a</size>
         <input_file_ref idref="fl-40"/>
      </object_component>
      <object_component id="oc-1a9">
         <name>.cinit</name>
         <load_address>0x323380</load_address>
         <run_address>0x323380</run_address>
         <size>0x15</size>
         <input_file_ref idref="fl-3b"/>
      </object_component>
      <object_component id="oc-7e">
         <name>.cinit</name>
         <load_address>0x323395</load_address>
         <run_address>0x323395</run_address>
         <size>0x14</size>
         <input_file_ref idref="fl-f"/>
      </object_component>
      <object_component id="oc-c5">
         <name>.cinit</name>
         <load_address>0x3233a9</load_address>
         <run_address>0x3233a9</run_address>
         <size>0x13</size>
         <input_file_ref idref="fl-1a"/>
      </object_component>
      <object_component id="oc-9d">
         <name>.cinit</name>
         <load_address>0x3233bc</load_address>
         <run_address>0x3233bc</run_address>
         <size>0x12</size>
         <input_file_ref idref="fl-14"/>
      </object_component>
      <object_component id="oc-1b5">
         <name>.cinit</name>
         <load_address>0x3233ce</load_address>
         <run_address>0x3233ce</run_address>
         <size>0x10</size>
         <input_file_ref idref="fl-3d"/>
      </object_component>
      <object_component id="oc-1bc">
         <name>.cinit</name>
         <load_address>0x3233de</load_address>
         <run_address>0x3233de</run_address>
         <size>0xf</size>
         <input_file_ref idref="fl-3e"/>
      </object_component>
      <object_component id="oc-2a6">
         <name>.cinit</name>
         <load_address>0x3233ed</load_address>
         <run_address>0x3233ed</run_address>
         <size>0xe</size>
         <input_file_ref idref="fl-73"/>
      </object_component>
      <object_component id="oc-13b">
         <name>.cinit</name>
         <load_address>0x3233fb</load_address>
         <run_address>0x3233fb</run_address>
         <size>0xd</size>
         <input_file_ref idref="fl-2c"/>
      </object_component>
      <object_component id="oc-e9">
         <name>.cinit</name>
         <load_address>0x323408</load_address>
         <run_address>0x323408</run_address>
         <size>0xc</size>
         <input_file_ref idref="fl-20"/>
      </object_component>
      <object_component id="oc-56">
         <name>.cinit</name>
         <load_address>0x323414</load_address>
         <run_address>0x323414</run_address>
         <size>0xc</size>
         <input_file_ref idref="fl-9"/>
      </object_component>
      <object_component id="oc-111">
         <name>.cinit</name>
         <load_address>0x323420</load_address>
         <run_address>0x323420</run_address>
         <size>0xb</size>
         <input_file_ref idref="fl-26"/>
      </object_component>
      <object_component id="oc-91">
         <name>.cinit</name>
         <load_address>0x32342b</load_address>
         <run_address>0x32342b</run_address>
         <size>0x6</size>
         <input_file_ref idref="fl-12"/>
      </object_component>
      <object_component id="oc-148">
         <name>.cinit</name>
         <load_address>0x323431</load_address>
         <run_address>0x323431</run_address>
         <size>0x5</size>
         <input_file_ref idref="fl-32"/>
      </object_component>
      <object_component id="oc-42f">
         <name>.cinit:__lock</name>
         <load_address>0x323436</load_address>
         <run_address>0x323436</run_address>
         <size>0x5</size>
         <input_file_ref idref="fl-74"/>
      </object_component>
      <object_component id="oc-45e">
         <name>.cinit:__unlock</name>
         <load_address>0x32343b</load_address>
         <run_address>0x32343b</run_address>
         <size>0x5</size>
         <input_file_ref idref="fl-74"/>
      </object_component>
      <object_component id="oc-25c">
         <name>.cinit</name>
         <load_address>0x323440</load_address>
         <run_address>0x323440</run_address>
         <size>0x5</size>
         <input_file_ref idref="fl-59"/>
      </object_component>
      <object_component id="oc-118">
         <name>.cinit</name>
         <load_address>0x323445</load_address>
         <run_address>0x323445</run_address>
         <size>0x5</size>
         <input_file_ref idref="fl-27"/>
      </object_component>
      <object_component id="oc-77">
         <name>.cinit</name>
         <load_address>0x32344a</load_address>
         <run_address>0x32344a</run_address>
         <size>0x4</size>
         <input_file_ref idref="fl-e"/>
      </object_component>
      <object_component id="oc-a4">
         <name>.cinit</name>
         <load_address>0x32344e</load_address>
         <run_address>0x32344e</run_address>
         <size>0x4</size>
         <input_file_ref idref="fl-15"/>
      </object_component>
      <object_component id="oc-ab">
         <name>.cinit</name>
         <load_address>0x323452</load_address>
         <run_address>0x323452</run_address>
         <size>0x4</size>
         <input_file_ref idref="fl-16"/>
      </object_component>
      <object_component id="oc-1c3">
         <name>.cinit</name>
         <load_address>0x323456</load_address>
         <run_address>0x323456</run_address>
         <size>0x4</size>
         <input_file_ref idref="fl-3f"/>
      </object_component>
      <object_component id="oc-211">
         <name>.cinit</name>
         <load_address>0x32345a</load_address>
         <run_address>0x32345a</run_address>
         <size>0x4</size>
         <input_file_ref idref="fl-4b"/>
      </object_component>
      <object_component id="oc-3d7">
         <name>.cinit</name>
         <load_address>0x32345e</load_address>
         <run_address>0x32345e</run_address>
         <size>0x4</size>
         <input_file_ref idref="fl-ae"/>
      </object_component>
      <object_component id="oc-3e3">
         <name>.cinit</name>
         <load_address>0x323462</load_address>
         <run_address>0x323462</run_address>
         <size>0x4</size>
         <input_file_ref idref="fl-b0"/>
      </object_component>
      <object_component id="oc-3db">
         <name>.cinit</name>
         <load_address>0x323466</load_address>
         <run_address>0x323466</run_address>
         <size>0x4</size>
         <input_file_ref idref="fl-af"/>
      </object_component>
      <object_component id="oc-3ea">
         <name>.cinit</name>
         <load_address>0x32346a</load_address>
         <run_address>0x32346a</run_address>
         <size>0x4</size>
         <input_file_ref idref="fl-b1"/>
      </object_component>
      <object_component id="oc-4ff">
         <name>.text</name>
         <load_address>0x3003b2</load_address>
         <run_address>0x3003b2</run_address>
         <size>0x2a30</size>
         <input_file_ref idref="fl-4a"/>
      </object_component>
      <object_component id="oc-43f">
         <name>.text</name>
         <load_address>0x302de2</load_address>
         <run_address>0x302de2</run_address>
         <size>0x1bb6</size>
         <input_file_ref idref="fl-23"/>
      </object_component>
      <object_component id="oc-43d">
         <name>.text</name>
         <load_address>0x304998</load_address>
         <run_address>0x304998</run_address>
         <size>0x1559</size>
         <input_file_ref idref="fl-15"/>
      </object_component>
      <object_component id="oc-420">
         <name>.text</name>
         <load_address>0x305ef1</load_address>
         <run_address>0x305ef1</run_address>
         <size>0x1064</size>
         <input_file_ref idref="fl-2a"/>
      </object_component>
      <object_component id="oc-4a8">
         <name>.text</name>
         <load_address>0x306f55</load_address>
         <run_address>0x306f55</run_address>
         <size>0x1063</size>
         <input_file_ref idref="fl-a"/>
      </object_component>
      <object_component id="oc-44c">
         <name>.text</name>
         <load_address>0x307fb8</load_address>
         <run_address>0x307fb8</run_address>
         <size>0xedf</size>
         <input_file_ref idref="fl-4f"/>
      </object_component>
      <object_component id="oc-56a">
         <name>.text</name>
         <load_address>0x308e97</load_address>
         <run_address>0x308e97</run_address>
         <size>0xe87</size>
         <input_file_ref idref="fl-4b"/>
      </object_component>
      <object_component id="oc-14a">
         <name>.text:retain</name>
         <load_address>0x309d1e</load_address>
         <run_address>0x309d1e</run_address>
         <size>0xe5c</size>
         <input_file_ref idref="fl-32"/>
      </object_component>
      <object_component id="oc-531">
         <name>.text</name>
         <load_address>0x30ab7a</load_address>
         <run_address>0x30ab7a</run_address>
         <size>0xe0a</size>
         <input_file_ref idref="fl-9"/>
      </object_component>
      <object_component id="oc-504">
         <name>.text</name>
         <load_address>0x30b984</load_address>
         <run_address>0x30b984</run_address>
         <size>0xd6f</size>
         <input_file_ref idref="fl-82"/>
      </object_component>
      <object_component id="oc-43e">
         <name>.text</name>
         <load_address>0x30c6f3</load_address>
         <run_address>0x30c6f3</run_address>
         <size>0xce8</size>
         <input_file_ref idref="fl-17"/>
      </object_component>
      <object_component id="oc-435">
         <name>.text</name>
         <load_address>0x30d3db</load_address>
         <run_address>0x30d3db</run_address>
         <size>0xba1</size>
         <input_file_ref idref="fl-45"/>
      </object_component>
      <object_component id="oc-479">
         <name>.text</name>
         <load_address>0x30df7c</load_address>
         <run_address>0x30df7c</run_address>
         <size>0xb74</size>
         <input_file_ref idref="fl-3a"/>
      </object_component>
      <object_component id="oc-486">
         <name>.text</name>
         <load_address>0x30eaf0</load_address>
         <run_address>0x30eaf0</run_address>
         <size>0x98b</size>
         <input_file_ref idref="fl-e"/>
      </object_component>
      <object_component id="oc-4a3">
         <name>.text</name>
         <load_address>0x30f47b</load_address>
         <run_address>0x30f47b</run_address>
         <size>0x8fa</size>
         <input_file_ref idref="fl-4d"/>
      </object_component>
      <object_component id="oc-4fa">
         <name>.text</name>
         <load_address>0x30fd75</load_address>
         <run_address>0x30fd75</run_address>
         <size>0x8a2</size>
         <input_file_ref idref="fl-3b"/>
      </object_component>
      <object_component id="oc-41f">
         <name>.text</name>
         <load_address>0x310617</load_address>
         <run_address>0x310617</run_address>
         <size>0x86a</size>
         <input_file_ref idref="fl-29"/>
      </object_component>
      <object_component id="oc-50d">
         <name>.text</name>
         <load_address>0x310e81</load_address>
         <run_address>0x310e81</run_address>
         <size>0x85e</size>
         <input_file_ref idref="fl-83"/>
      </object_component>
      <object_component id="oc-4a2">
         <name>.text</name>
         <load_address>0x3116df</load_address>
         <run_address>0x3116df</run_address>
         <size>0x85c</size>
         <input_file_ref idref="fl-4c"/>
      </object_component>
      <object_component id="oc-452">
         <name>.text</name>
         <load_address>0x311f3b</load_address>
         <run_address>0x311f3b</run_address>
         <size>0x846</size>
         <input_file_ref idref="fl-f"/>
      </object_component>
      <object_component id="oc-44f">
         <name>.text</name>
         <load_address>0x312781</load_address>
         <run_address>0x312781</run_address>
         <size>0x832</size>
         <input_file_ref idref="fl-11"/>
      </object_component>
      <object_component id="oc-454">
         <name>.text</name>
         <load_address>0x312fb3</load_address>
         <run_address>0x312fb3</run_address>
         <size>0x810</size>
         <input_file_ref idref="fl-c"/>
      </object_component>
      <object_component id="oc-4c2">
         <name>.text</name>
         <load_address>0x3137c3</load_address>
         <run_address>0x3137c3</run_address>
         <size>0x7d9</size>
         <input_file_ref idref="fl-52"/>
      </object_component>
      <object_component id="oc-440">
         <name>.text</name>
         <load_address>0x313f9c</load_address>
         <run_address>0x313f9c</run_address>
         <size>0x727</size>
         <input_file_ref idref="fl-1f"/>
      </object_component>
      <object_component id="oc-455">
         <name>.text</name>
         <load_address>0x3146c3</load_address>
         <run_address>0x3146c3</run_address>
         <size>0x713</size>
         <input_file_ref idref="fl-19"/>
      </object_component>
      <object_component id="oc-450">
         <name>.text</name>
         <load_address>0x314dd6</load_address>
         <run_address>0x314dd6</run_address>
         <size>0x709</size>
         <input_file_ref idref="fl-16"/>
      </object_component>
      <object_component id="oc-4a1">
         <name>.text</name>
         <load_address>0x3154df</load_address>
         <run_address>0x3154df</run_address>
         <size>0x638</size>
         <input_file_ref idref="fl-4e"/>
      </object_component>
      <object_component id="oc-4b2">
         <name>.text</name>
         <load_address>0x315b17</load_address>
         <run_address>0x315b17</run_address>
         <size>0x633</size>
         <input_file_ref idref="fl-1d"/>
      </object_component>
      <object_component id="oc-41e">
         <name>.text</name>
         <load_address>0x31614a</load_address>
         <run_address>0x31614a</run_address>
         <size>0x5fa</size>
         <input_file_ref idref="fl-28"/>
      </object_component>
      <object_component id="oc-44e">
         <name>.text</name>
         <load_address>0x316744</load_address>
         <run_address>0x316744</run_address>
         <size>0x438</size>
         <input_file_ref idref="fl-10"/>
      </object_component>
      <object_component id="oc-508">
         <name>.text</name>
         <load_address>0x316b7c</load_address>
         <run_address>0x316b7c</run_address>
         <size>0x3f7</size>
         <input_file_ref idref="fl-57"/>
      </object_component>
      <object_component id="oc-457">
         <name>.text</name>
         <load_address>0x316f73</load_address>
         <run_address>0x316f73</run_address>
         <size>0x3cf</size>
         <input_file_ref idref="fl-25"/>
      </object_component>
      <object_component id="oc-4b5">
         <name>.text</name>
         <load_address>0x317342</load_address>
         <run_address>0x317342</run_address>
         <size>0x3c6</size>
         <input_file_ref idref="fl-51"/>
      </object_component>
      <object_component id="oc-453">
         <name>.text</name>
         <load_address>0x317708</load_address>
         <run_address>0x317708</run_address>
         <size>0x36f</size>
         <input_file_ref idref="fl-12"/>
      </object_component>
      <object_component id="oc-433">
         <name>.text</name>
         <load_address>0x317a77</load_address>
         <run_address>0x317a77</run_address>
         <size>0x361</size>
         <input_file_ref idref="fl-1e"/>
      </object_component>
      <object_component id="oc-449">
         <name>.text</name>
         <load_address>0x317dd8</load_address>
         <run_address>0x317dd8</run_address>
         <size>0x34d</size>
         <input_file_ref idref="fl-2c"/>
      </object_component>
      <object_component id="oc-456">
         <name>.text</name>
         <load_address>0x318125</load_address>
         <run_address>0x318125</run_address>
         <size>0x327</size>
         <input_file_ref idref="fl-1a"/>
      </object_component>
      <object_component id="oc-527">
         <name>.text</name>
         <load_address>0x31844c</load_address>
         <run_address>0x31844c</run_address>
         <size>0x2b9</size>
         <input_file_ref idref="fl-5a"/>
      </object_component>
      <object_component id="oc-421">
         <name>.text</name>
         <load_address>0x318705</load_address>
         <run_address>0x318705</run_address>
         <size>0x296</size>
         <input_file_ref idref="fl-21"/>
      </object_component>
      <object_component id="oc-57b">
         <name>.text</name>
         <load_address>0x31899b</load_address>
         <run_address>0x31899b</run_address>
         <size>0x28a</size>
         <input_file_ref idref="fl-92"/>
      </object_component>
      <object_component id="oc-44a">
         <name>.text</name>
         <load_address>0x318c25</load_address>
         <run_address>0x318c25</run_address>
         <size>0x275</size>
         <input_file_ref idref="fl-26"/>
      </object_component>
      <object_component id="oc-57c">
         <name>.text</name>
         <load_address>0x318e9a</load_address>
         <run_address>0x318e9a</run_address>
         <size>0x203</size>
         <input_file_ref idref="fl-90"/>
      </object_component>
      <object_component id="oc-451">
         <name>.text</name>
         <load_address>0x31909d</load_address>
         <run_address>0x31909d</run_address>
         <size>0x1f4</size>
         <input_file_ref idref="fl-14"/>
      </object_component>
      <object_component id="oc-58c">
         <name>.text</name>
         <load_address>0x319291</load_address>
         <run_address>0x319291</run_address>
         <size>0x1d4</size>
         <input_file_ref idref="fl-af"/>
      </object_component>
      <object_component id="oc-4bf">
         <name>.text</name>
         <load_address>0x319465</load_address>
         <run_address>0x319465</run_address>
         <size>0x1a3</size>
         <input_file_ref idref="fl-47"/>
      </object_component>
      <object_component id="oc-4bb">
         <name>.text</name>
         <load_address>0x319608</load_address>
         <run_address>0x319608</run_address>
         <size>0x1a0</size>
         <input_file_ref idref="fl-59"/>
      </object_component>
      <object_component id="oc-4c0">
         <name>.text</name>
         <load_address>0x3197a8</load_address>
         <run_address>0x3197a8</run_address>
         <size>0x178</size>
         <input_file_ref idref="fl-3d"/>
      </object_component>
      <object_component id="oc-57d">
         <name>.text</name>
         <load_address>0x319920</load_address>
         <run_address>0x319920</run_address>
         <size>0x16a</size>
         <input_file_ref idref="fl-93"/>
      </object_component>
      <object_component id="oc-445">
         <name>.text</name>
         <load_address>0x319a8a</load_address>
         <run_address>0x319a8a</run_address>
         <size>0x157</size>
         <input_file_ref idref="fl-46"/>
      </object_component>
      <object_component id="oc-4ba">
         <name>.text</name>
         <load_address>0x319be1</load_address>
         <run_address>0x319be1</run_address>
         <size>0x13e</size>
         <input_file_ref idref="fl-58"/>
      </object_component>
      <object_component id="oc-4d1">
         <name>.text</name>
         <load_address>0x319d1f</load_address>
         <run_address>0x319d1f</run_address>
         <size>0x12e</size>
         <input_file_ref idref="fl-53"/>
      </object_component>
      <object_component id="oc-579">
         <name>.text</name>
         <load_address>0x319e4d</load_address>
         <run_address>0x319e4d</run_address>
         <size>0x122</size>
         <input_file_ref idref="fl-95"/>
      </object_component>
      <object_component id="oc-442">
         <name>.text</name>
         <load_address>0x319f6f</load_address>
         <run_address>0x319f6f</run_address>
         <size>0x11b</size>
         <input_file_ref idref="fl-38"/>
      </object_component>
      <object_component id="oc-436">
         <name>.text</name>
         <load_address>0x31a08a</load_address>
         <run_address>0x31a08a</run_address>
         <size>0x109</size>
         <input_file_ref idref="fl-18"/>
      </object_component>
      <object_component id="oc-3bd">
         <name>.text</name>
         <load_address>0x31a193</load_address>
         <run_address>0x31a193</run_address>
         <size>0x107</size>
         <input_file_ref idref="fl-a9"/>
      </object_component>
      <object_component id="oc-441">
         <name>.text</name>
         <load_address>0x31a29a</load_address>
         <run_address>0x31a29a</run_address>
         <size>0xf8</size>
         <input_file_ref idref="fl-36"/>
      </object_component>
      <object_component id="oc-58d">
         <name>.text</name>
         <load_address>0x31a392</load_address>
         <run_address>0x31a392</run_address>
         <size>0xf8</size>
         <input_file_ref idref="fl-b0"/>
      </object_component>
      <object_component id="oc-541">
         <name>.text</name>
         <load_address>0x31a48a</load_address>
         <run_address>0x31a48a</run_address>
         <size>0xe2</size>
         <input_file_ref idref="fl-3f"/>
      </object_component>
      <object_component id="oc-437">
         <name>.text</name>
         <load_address>0x31a56c</load_address>
         <run_address>0x31a56c</run_address>
         <size>0xdc</size>
         <input_file_ref idref="fl-1b"/>
      </object_component>
      <object_component id="oc-57e">
         <name>.text</name>
         <load_address>0x31a648</load_address>
         <run_address>0x31a648</run_address>
         <size>0xd6</size>
         <input_file_ref idref="fl-91"/>
      </object_component>
      <object_component id="oc-424">
         <name>.text</name>
         <load_address>0x31a71e</load_address>
         <run_address>0x31a71e</run_address>
         <size>0xd3</size>
         <input_file_ref idref="fl-3e"/>
      </object_component>
      <object_component id="oc-57a">
         <name>.text</name>
         <load_address>0x31a7f1</load_address>
         <run_address>0x31a7f1</run_address>
         <size>0xb1</size>
         <input_file_ref idref="fl-94"/>
      </object_component>
      <object_component id="oc-503">
         <name>.text</name>
         <load_address>0x31a8a2</load_address>
         <run_address>0x31a8a2</run_address>
         <size>0xb0</size>
         <input_file_ref idref="fl-88"/>
      </object_component>
      <object_component id="oc-571">
         <name>.text</name>
         <load_address>0x31a952</load_address>
         <run_address>0x31a952</run_address>
         <size>0xae</size>
         <input_file_ref idref="fl-9f"/>
      </object_component>
      <object_component id="oc-47f">
         <name>.text</name>
         <load_address>0x31aa00</load_address>
         <run_address>0x31aa00</run_address>
         <size>0x9e</size>
         <input_file_ref idref="fl-49"/>
      </object_component>
      <object_component id="oc-39a">
         <name>.text</name>
         <load_address>0x31aa9e</load_address>
         <run_address>0x31aa9e</run_address>
         <size>0x9c</size>
         <input_file_ref idref="fl-a2"/>
      </object_component>
      <object_component id="oc-423">
         <name>.text</name>
         <load_address>0x31ab3a</load_address>
         <run_address>0x31ab3a</run_address>
         <size>0x9b</size>
         <input_file_ref idref="fl-3c"/>
      </object_component>
      <object_component id="oc-415">
         <name>.text</name>
         <load_address>0x31abd5</load_address>
         <run_address>0x31abd5</run_address>
         <size>0x1</size>
         <input_file_ref idref="fl-72"/>
      </object_component>
      <object_component id="oc-45c">
         <name>.text</name>
         <load_address>0x31abd6</load_address>
         <run_address>0x31abd6</run_address>
         <size>0x95</size>
         <input_file_ref idref="fl-9d"/>
      </object_component>
      <object_component id="oc-3a4">
         <name>.text</name>
         <load_address>0x31ac6b</load_address>
         <run_address>0x31ac6b</run_address>
         <size>0x8b</size>
         <input_file_ref idref="fl-a4"/>
      </object_component>
      <object_component id="oc-575">
         <name>.text</name>
         <load_address>0x31acf6</load_address>
         <run_address>0x31acf6</run_address>
         <size>0x89</size>
         <input_file_ref idref="fl-8e"/>
      </object_component>
      <object_component id="oc-278">
         <name>.text</name>
         <load_address>0x31ad7f</load_address>
         <run_address>0x31ad7f</run_address>
         <size>0x88</size>
         <input_file_ref idref="fl-6a"/>
      </object_component>
      <object_component id="oc-26e">
         <name>.text</name>
         <load_address>0x31ae07</load_address>
         <run_address>0x31ae07</run_address>
         <size>0x83</size>
         <input_file_ref idref="fl-68"/>
      </object_component>
      <object_component id="oc-425">
         <name>.text</name>
         <load_address>0x31ae8a</load_address>
         <run_address>0x31ae8a</run_address>
         <size>0x7b</size>
         <input_file_ref idref="fl-2b"/>
      </object_component>
      <object_component id="oc-447">
         <name>.text</name>
         <load_address>0x31af05</load_address>
         <run_address>0x31af05</run_address>
         <size>0x73</size>
         <input_file_ref idref="fl-31"/>
      </object_component>
      <object_component id="oc-506">
         <name>.text</name>
         <load_address>0x31af78</load_address>
         <run_address>0x31af78</run_address>
         <size>0x73</size>
         <input_file_ref idref="fl-87"/>
      </object_component>
      <object_component id="oc-593">
         <name>.text</name>
         <load_address>0x31afeb</load_address>
         <run_address>0x31afeb</run_address>
         <size>0x71</size>
         <input_file_ref idref="fl-b1"/>
      </object_component>
      <object_component id="oc-49f">
         <name>.text</name>
         <load_address>0x31b05c</load_address>
         <run_address>0x31b05c</run_address>
         <size>0x6d</size>
         <input_file_ref idref="fl-7a"/>
      </object_component>
      <object_component id="oc-505">
         <name>.text</name>
         <load_address>0x31b0c9</load_address>
         <run_address>0x31b0c9</run_address>
         <size>0x67</size>
         <input_file_ref idref="fl-81"/>
      </object_component>
      <object_component id="oc-459">
         <name>.text</name>
         <load_address>0x31b130</load_address>
         <run_address>0x31b130</run_address>
         <size>0x65</size>
         <input_file_ref idref="fl-1c"/>
      </object_component>
      <object_component id="oc-480">
         <name>.text</name>
         <load_address>0x31b195</load_address>
         <run_address>0x31b195</run_address>
         <size>0x63</size>
         <input_file_ref idref="fl-48"/>
      </object_component>
      <object_component id="oc-42a">
         <name>.text</name>
         <load_address>0x31b1f8</load_address>
         <run_address>0x31b1f8</run_address>
         <size>0x61</size>
         <input_file_ref idref="fl-97"/>
      </object_component>
      <object_component id="oc-50a">
         <name>.text</name>
         <load_address>0x31b259</load_address>
         <run_address>0x31b259</run_address>
         <size>0x5f</size>
         <input_file_ref idref="fl-d"/>
      </object_component>
      <object_component id="oc-594">
         <name>.text</name>
         <load_address>0x31b2b8</load_address>
         <run_address>0x31b2b8</run_address>
         <size>0x5f</size>
         <input_file_ref idref="fl-b3"/>
      </object_component>
      <object_component id="oc-570">
         <name>.text</name>
         <load_address>0x31b317</load_address>
         <run_address>0x31b317</run_address>
         <size>0x5a</size>
         <input_file_ref idref="fl-9e"/>
      </object_component>
      <object_component id="oc-592">
         <name>.text</name>
         <load_address>0x31b371</load_address>
         <run_address>0x31b371</run_address>
         <size>0x5a</size>
         <input_file_ref idref="fl-a1"/>
      </object_component>
      <object_component id="oc-4a0">
         <name>.text</name>
         <load_address>0x31b3cb</load_address>
         <run_address>0x31b3cb</run_address>
         <size>0x5a</size>
         <input_file_ref idref="fl-79"/>
      </object_component>
      <object_component id="oc-54">
         <name>.text</name>
         <load_address>0x31b425</load_address>
         <run_address>0x31b425</run_address>
         <size>0x56</size>
         <input_file_ref idref="fl-67"/>
      </object_component>
      <object_component id="oc-4be">
         <name>.text</name>
         <load_address>0x31b47b</load_address>
         <run_address>0x31b47b</run_address>
         <size>0x53</size>
         <input_file_ref idref="fl-20"/>
      </object_component>
      <object_component id="oc-462">
         <name>.text</name>
         <load_address>0x31b4ce</load_address>
         <run_address>0x31b4ce</run_address>
         <size>0x53</size>
         <input_file_ref idref="fl-76"/>
      </object_component>
      <object_component id="oc-596">
         <name>.text</name>
         <load_address>0x31b521</load_address>
         <run_address>0x31b521</run_address>
         <size>0x51</size>
         <input_file_ref idref="fl-b4"/>
      </object_component>
      <object_component id="oc-448">
         <name>.text</name>
         <load_address>0x31b572</load_address>
         <run_address>0x31b572</run_address>
         <size>0x50</size>
         <input_file_ref idref="fl-44"/>
      </object_component>
      <object_component id="oc-1cc">
         <name>.text:retain</name>
         <load_address>0x31b5c2</load_address>
         <run_address>0x31b5c2</run_address>
         <size>0x4f</size>
         <input_file_ref idref="fl-40"/>
      </object_component>
      <object_component id="oc-458">
         <name>.text</name>
         <load_address>0x31b611</load_address>
         <run_address>0x31b611</run_address>
         <size>0x4d</size>
         <input_file_ref idref="fl-24"/>
      </object_component>
      <object_component id="oc-588">
         <name>.text</name>
         <load_address>0x31b65e</load_address>
         <run_address>0x31b65e</run_address>
         <size>0x4c</size>
         <input_file_ref idref="fl-43"/>
      </object_component>
      <object_component id="oc-44d">
         <name>.text</name>
         <load_address>0x31b6aa</load_address>
         <run_address>0x31b6aa</run_address>
         <size>0x42</size>
         <input_file_ref idref="fl-27"/>
      </object_component>
      <object_component id="oc-426">
         <name>.text</name>
         <load_address>0x31b6ec</load_address>
         <run_address>0x31b6ec</run_address>
         <size>0x40</size>
         <input_file_ref idref="fl-98"/>
      </object_component>
      <object_component id="oc-428">
         <name>.text</name>
         <load_address>0x31b72c</load_address>
         <run_address>0x31b72c</run_address>
         <size>0x3f</size>
         <input_file_ref idref="fl-99"/>
      </object_component>
      <object_component id="oc-42c">
         <name>.text</name>
         <load_address>0x31b76b</load_address>
         <run_address>0x31b76b</run_address>
         <size>0x3e</size>
         <input_file_ref idref="fl-9a"/>
      </object_component>
      <object_component id="oc-574">
         <name>.text</name>
         <load_address>0x31b7a9</load_address>
         <run_address>0x31b7a9</run_address>
         <size>0x3d</size>
         <input_file_ref idref="fl-89"/>
      </object_component>
      <object_component id="oc-429">
         <name>.text</name>
         <load_address>0x31b7e6</load_address>
         <run_address>0x31b7e6</run_address>
         <size>0x38</size>
         <input_file_ref idref="fl-9c"/>
      </object_component>
      <object_component id="oc-461">
         <name>.text</name>
         <load_address>0x31b81e</load_address>
         <run_address>0x31b81e</run_address>
         <size>0x34</size>
         <input_file_ref idref="fl-78"/>
      </object_component>
      <object_component id="oc-597">
         <name>.text</name>
         <load_address>0x31b852</load_address>
         <run_address>0x31b852</run_address>
         <size>0x33</size>
         <input_file_ref idref="fl-b8"/>
      </object_component>
      <object_component id="oc-56e">
         <name>.text</name>
         <load_address>0x31b885</load_address>
         <run_address>0x31b885</run_address>
         <size>0x31</size>
         <input_file_ref idref="fl-84"/>
      </object_component>
      <object_component id="oc-56f">
         <name>.text</name>
         <load_address>0x31b8b6</load_address>
         <run_address>0x31b8b6</run_address>
         <size>0x30</size>
         <input_file_ref idref="fl-8b"/>
      </object_component>
      <object_component id="oc-39f">
         <name>.text</name>
         <load_address>0x31b8e6</load_address>
         <run_address>0x31b8e6</run_address>
         <size>0x2a</size>
         <input_file_ref idref="fl-a3"/>
      </object_component>
      <object_component id="oc-28c">
         <name>.text</name>
         <load_address>0x31b910</load_address>
         <run_address>0x31b910</run_address>
         <size>0x2a</size>
         <input_file_ref idref="fl-6e"/>
      </object_component>
      <object_component id="oc-417">
         <name>.text</name>
         <load_address>0x31b93a</load_address>
         <run_address>0x31b93a</run_address>
         <size>0x29</size>
         <input_file_ref idref="fl-73"/>
      </object_component>
      <object_component id="oc-427">
         <name>.text</name>
         <load_address>0x31b963</load_address>
         <run_address>0x31b963</run_address>
         <size>0x29</size>
         <input_file_ref idref="fl-96"/>
      </object_component>
      <object_component id="oc-443">
         <name>.text</name>
         <load_address>0x31b98c</load_address>
         <run_address>0x31b98c</run_address>
         <size>0x28</size>
         <input_file_ref idref="fl-34"/>
      </object_component>
      <object_component id="oc-58a">
         <name>.text</name>
         <load_address>0x31b9b4</load_address>
         <run_address>0x31b9b4</run_address>
         <size>0x25</size>
         <input_file_ref idref="fl-a0"/>
      </object_component>
      <object_component id="oc-414">
         <name>.text</name>
         <load_address>0x31b9d9</load_address>
         <run_address>0x31b9d9</run_address>
         <size>0x24</size>
         <input_file_ref idref="fl-70"/>
      </object_component>
      <object_component id="oc-42b">
         <name>.text</name>
         <load_address>0x31b9fd</load_address>
         <run_address>0x31b9fd</run_address>
         <size>0x24</size>
         <input_file_ref idref="fl-9b"/>
      </object_component>
      <object_component id="oc-282">
         <name>.text</name>
         <load_address>0x31ba21</load_address>
         <run_address>0x31ba21</run_address>
         <size>0x22</size>
         <input_file_ref idref="fl-6c"/>
      </object_component>
      <object_component id="oc-3b3">
         <name>.text</name>
         <load_address>0x31ba43</load_address>
         <run_address>0x31ba43</run_address>
         <size>0x21</size>
         <input_file_ref idref="fl-a7"/>
      </object_component>
      <object_component id="oc-444">
         <name>.text</name>
         <load_address>0x31ba64</load_address>
         <run_address>0x31ba64</run_address>
         <size>0x20</size>
         <input_file_ref idref="fl-35"/>
      </object_component>
      <object_component id="oc-273">
         <name>.text</name>
         <load_address>0x31ba84</load_address>
         <run_address>0x31ba84</run_address>
         <size>0x1f</size>
         <input_file_ref idref="fl-69"/>
      </object_component>
      <object_component id="oc-3b8">
         <name>.text</name>
         <load_address>0x31baa3</load_address>
         <run_address>0x31baa3</run_address>
         <size>0x1e</size>
         <input_file_ref idref="fl-a8"/>
      </object_component>
      <object_component id="oc-599">
         <name>.text</name>
         <load_address>0x31bac1</load_address>
         <run_address>0x31bac1</run_address>
         <size>0x1e</size>
         <input_file_ref idref="fl-b6"/>
      </object_component>
      <object_component id="oc-3c7">
         <name>.text</name>
         <load_address>0x31badf</load_address>
         <run_address>0x31badf</run_address>
         <size>0x1d</size>
         <input_file_ref idref="fl-ab"/>
      </object_component>
      <object_component id="oc-291">
         <name>.text</name>
         <load_address>0x31bafc</load_address>
         <run_address>0x31bafc</run_address>
         <size>0x1c</size>
         <input_file_ref idref="fl-6f"/>
      </object_component>
      <object_component id="oc-3cc">
         <name>.text</name>
         <load_address>0x31bb18</load_address>
         <run_address>0x31bb18</run_address>
         <size>0x1c</size>
         <input_file_ref idref="fl-ac"/>
      </object_component>
      <object_component id="oc-416">
         <name>.text</name>
         <load_address>0x31bb34</load_address>
         <run_address>0x31bb34</run_address>
         <size>0x19</size>
         <input_file_ref idref="fl-75"/>
      </object_component>
      <object_component id="oc-59a">
         <name>.text</name>
         <load_address>0x31bb4d</load_address>
         <run_address>0x31bb4d</run_address>
         <size>0x19</size>
         <input_file_ref idref="fl-b7"/>
      </object_component>
      <object_component id="oc-507">
         <name>.text</name>
         <load_address>0x31bb66</load_address>
         <run_address>0x31bb66</run_address>
         <size>0x19</size>
         <input_file_ref idref="fl-80"/>
      </object_component>
      <object_component id="oc-27d">
         <name>.text</name>
         <load_address>0x31bb7f</load_address>
         <run_address>0x31bb7f</run_address>
         <size>0x18</size>
         <input_file_ref idref="fl-6b"/>
      </object_component>
      <object_component id="oc-58b">
         <name>.text</name>
         <load_address>0x31bb97</load_address>
         <run_address>0x31bb97</run_address>
         <size>0x18</size>
         <input_file_ref idref="fl-8a"/>
      </object_component>
      <object_component id="oc-4e2">
         <name>.text</name>
         <load_address>0x31bbaf</load_address>
         <run_address>0x31bbaf</run_address>
         <size>0x18</size>
         <input_file_ref idref="fl-7f"/>
      </object_component>
      <object_component id="oc-4bd">
         <name>.text</name>
         <load_address>0x31bbc7</load_address>
         <run_address>0x31bbc7</run_address>
         <size>0x15</size>
         <input_file_ref idref="fl-77"/>
      </object_component>
      <object_component id="oc-3c2">
         <name>.text</name>
         <load_address>0x31bbdc</load_address>
         <run_address>0x31bbdc</run_address>
         <size>0x14</size>
         <input_file_ref idref="fl-aa"/>
      </object_component>
      <object_component id="oc-595">
         <name>.text</name>
         <load_address>0x31bbf0</load_address>
         <run_address>0x31bbf0</run_address>
         <size>0x12</size>
         <input_file_ref idref="fl-b2"/>
      </object_component>
      <object_component id="oc-56d">
         <name>.text</name>
         <load_address>0x31bc02</load_address>
         <run_address>0x31bc02</run_address>
         <size>0x10</size>
         <input_file_ref idref="fl-8d"/>
      </object_component>
      <object_component id="oc-3ae">
         <name>.text</name>
         <load_address>0x31bc12</load_address>
         <run_address>0x31bc12</run_address>
         <size>0xe</size>
         <input_file_ref idref="fl-a6"/>
      </object_component>
      <object_component id="oc-572">
         <name>.text</name>
         <load_address>0x31bc20</load_address>
         <run_address>0x31bc20</run_address>
         <size>0xd</size>
         <input_file_ref idref="fl-8c"/>
      </object_component>
      <object_component id="oc-49e">
         <name>.text</name>
         <load_address>0x31bc2d</load_address>
         <run_address>0x31bc2d</run_address>
         <size>0xc</size>
         <input_file_ref idref="fl-7b"/>
      </object_component>
      <object_component id="oc-576">
         <name>.text</name>
         <load_address>0x31bc39</load_address>
         <run_address>0x31bc39</run_address>
         <size>0xb</size>
         <input_file_ref idref="fl-8f"/>
      </object_component>
      <object_component id="oc-287">
         <name>.text</name>
         <load_address>0x31bc44</load_address>
         <run_address>0x31bc44</run_address>
         <size>0xb</size>
         <input_file_ref idref="fl-6d"/>
      </object_component>
      <object_component id="oc-4c8">
         <name>.text</name>
         <load_address>0x31bc4f</load_address>
[...]
         <object_component_ref idref="oc-27d"/>
      </symbol>
      <symbol id="sm-2337">
         <name>I$$MOD</name>
         <value>0x31ba32</value>
         <object_component_ref idref="oc-282"/>
      </symbol>
      <symbol id="sm-2338">
         <name>I$$DIV</name>
         <value>0x31ba21</value>
         <object_component_ref idref="oc-282"/>
      </symbol>
      <symbol id="sm-2344">
         <name>U$$MOD</name>
         <value>0x31bc49</value>
         <object_component_ref idref="oc-287"/>
      </symbol>
      <symbol id="sm-2345">
         <name>U$$DIV</name>
         <value>0x31bc44</value>
         <object_component_ref idref="oc-287"/>
      </symbol>
      <symbol id="sm-2351">
         <name>UL$$MOD</name>
         <value>0x31b934</value>
         <object_component_ref idref="oc-28c"/>
      </symbol>
      <symbol id="sm-2352">
         <name>L$$MOD</name>
         <value>0x31b91f</value>
         <object_component_ref idref="oc-28c"/>
      </symbol>
      <symbol id="sm-2353">
         <name>L$$DIV</name>
         <value>0x31b910</value>
         <object_component_ref idref="oc-28c"/>
      </symbol>
      <symbol id="sm-2354">
         <name>UL$$DIV</name>
         <value>0x31b92d</value>
         <object_component_ref idref="oc-28c"/>
      </symbol>
      <symbol id="sm-2364">
         <name>FS$$TOFD</name>
         <value>0x31bafc</value>
         <object_component_ref idref="oc-291"/>
      </symbol>
      <symbol id="sm-2373">
         <name>_copy_in</name>
         <value>0x31b9d9</value>
         <object_component_ref idref="oc-414"/>
      </symbol>
      <symbol id="sm-237f">
         <name>__system_pre_init</name>
         <value>0x31bc9e</value>
         <object_component_ref idref="oc-413"/>
      </symbol>
      <symbol id="sm-238c">
         <name>__system_post_cinit</name>
         <value>0x31abd5</value>
         <object_component_ref idref="oc-415"/>
      </symbol>
      <symbol id="sm-23a0">
         <name>C$$EXIT</name>
         <value>0x31b93a</value>
         <object_component_ref idref="oc-417"/>
      </symbol>
      <symbol id="sm-23a1">
         <name>_exit</name>
         <value>0x31b93c</value>
         <object_component_ref idref="oc-417"/>
      </symbol>
      <symbol id="sm-23a2">
         <name>___TI_cleanup_ptr</name>
         <value>0xcbf8</value>
         <object_component_ref idref="oc-2a7"/>
      </symbol>
      <symbol id="sm-23a3">
         <name>___TI_enable_exit_profile_output</name>
         <value>0xcbf6</value>
         <object_component_ref idref="oc-2a7"/>
      </symbol>
      <symbol id="sm-23a4">
         <name>_abort</name>
         <value>0x31b93a</value>
         <object_component_ref idref="oc-417"/>
      </symbol>
      <symbol id="sm-23a5">
         <name>___TI_dtors_ptr</name>
         <value>0xcbfa</value>
         <object_component_ref idref="oc-2a7"/>
      </symbol>
      <symbol id="sm-23b9">
         <name>__unlock</name>
         <value>0xcf28</value>
         <object_component_ref idref="oc-45d"/>
      </symbol>
      <symbol id="sm-23ba">
         <name>__lock</name>
         <value>0xcf26</value>
         <object_component_ref idref="oc-42e"/>
      </symbol>
      <symbol id="sm-23bb">
         <name>__register_lock</name>
         <value>0x31bc66</value>
         <object_component_ref idref="oc-468"/>
      </symbol>
      <symbol id="sm-23bc">
         <name>__nop</name>
         <value>0x31bc6a</value>
         <object_component_ref idref="oc-468"/>
      </symbol>
      <symbol id="sm-23bd">
         <name>__register_unlock</name>
         <value>0x31bc62</value>
         <object_component_ref idref="oc-468"/>
      </symbol>
      <symbol id="sm-23cc">
         <name>__args_main</name>
         <value>0x31bb34</value>
         <object_component_ref idref="oc-416"/>
      </symbol>
      <symbol id="sm-23df">
         <name>_putchar</name>
         <value>0x31b51c</value>
         <object_component_ref idref="oc-462"/>
      </symbol>
      <symbol id="sm-23e0">
         <name>_putc</name>
         <value>0x31b4ce</value>
         <object_component_ref idref="oc-462"/>
      </symbol>
      <symbol id="sm-23e1">
         <name>_fputc</name>
         <value>0x31b4ce</value>
         <object_component_ref idref="oc-462"/>
      </symbol>
      <symbol id="sm-23f0">
         <name>_memcmp</name>
         <value>0x31bbc7</value>
         <object_component_ref idref="oc-4bd"/>
      </symbol>
      <symbol id="sm-2400">
         <name>_printf</name>
         <value>0x31b824</value>
         <object_component_ref idref="oc-461"/>
      </symbol>
      <symbol id="sm-2414">
         <name>_snprintf</name>
         <value>0x31b3cb</value>
         <object_component_ref idref="oc-4a0"/>
      </symbol>
      <symbol id="sm-242e">
         <name>_sscanf</name>
         <value>0x31b06c</value>
         <object_component_ref idref="oc-49f"/>
      </symbol>
      <symbol id="sm-242f">
         <name>_vsscanf</name>
         <value>0x31b05c</value>
         <object_component_ref idref="oc-49f"/>
      </symbol>
      <symbol id="sm-243e">
         <name>_strchr</name>
         <value>0x31bc2d</value>
         <object_component_ref idref="oc-49e"/>
      </symbol>
      <symbol id="sm-244c">
         <name>_strcmp</name>
         <value>0x31bc4f</value>
         <object_component_ref idref="oc-4c8"/>
      </symbol>
      <symbol id="sm-2459">
         <name>_strcpy</name>
         <value>0x31bc92</value>
         <object_component_ref idref="oc-45f"/>
      </symbol>
      <symbol id="sm-2466">
         <name>_strlen</name>
         <value>0x31bc85</value>
         <object_component_ref idref="oc-45b"/>
      </symbol>
      <symbol id="sm-2475">
         <name>_strncmp</name>
         <value>0x31bbaf</value>
         <object_component_ref idref="oc-4e2"/>
      </symbol>
      <symbol id="sm-2488">
         <name>__device</name>
         <value>0xdb00</value>
         <object_component_ref idref="oc-2ea"/>
      </symbol>
      <symbol id="sm-2489">
         <name>__stream</name>
         <value>0xdac0</value>
         <object_component_ref idref="oc-2ea"/>
      </symbol>
      <symbol id="sm-248a">
         <name>_write</name>
         <value>0x31bb66</value>
         <object_component_ref idref="oc-507"/>
      </symbol>
      <symbol id="sm-24a1">
         <name>___TI_rd_ok</name>
         <value>0x31b104</value>
         <object_component_ref idref="oc-505"/>
      </symbol>
      <symbol id="sm-24a2">
         <name>___TI_wrt_ok</name>
         <value>0x31b0c9</value>
         <object_component_ref idref="oc-505"/>
      </symbol>
      <symbol id="sm-2601">
         <name>___TI_printfi</name>
         <value>0x30c554</value>
         <object_component_ref idref="oc-504"/>
      </symbol>
      <symbol id="sm-2707">
         <name>___TI_scanfi</name>
         <value>0x3113c9</value>
         <object_component_ref idref="oc-50d"/>
      </symbol>
      <symbol id="sm-271b">
         <name>_atoi</name>
         <value>0x31b885</value>
         <object_component_ref idref="oc-56e"/>
      </symbol>
      <symbol id="sm-2723">
         <name>__ctypes_</name>
         <value>0x320d68</value>
         <object_component_ref idref="oc-50e"/>
      </symbol>
      <symbol id="sm-272e">
         <name>___TI_ft_end</name>
         <value>0xcdc0</value>
         <object_component_ref idref="oc-30a"/>
      </symbol>
      <symbol id="sm-272f">
         <name>___TI_tmpnams</name>
         <value>0xce80</value>
         <object_component_ref idref="oc-30a"/>
      </symbol>
      <symbol id="sm-2730">
         <name>__ftable</name>
         <value>0xce00</value>
         <object_component_ref idref="oc-30a"/>
      </symbol>
      <symbol id="sm-2746">
         <name>___TI_doflush</name>
         <value>0x31af78</value>
         <object_component_ref idref="oc-506"/>
      </symbol>
      <symbol id="sm-2747">
         <name>_fflush</name>
         <value>0x31afa7</value>
         <object_component_ref idref="oc-506"/>
      </symbol>
      <symbol id="sm-2764">
         <name>_puts</name>
         <value>0x31a93f</value>
         <object_component_ref idref="oc-503"/>
      </symbol>
      <symbol id="sm-2765">
         <name>_fputs</name>
         <value>0x31a8a2</value>
         <object_component_ref idref="oc-503"/>
      </symbol>
      <symbol id="sm-2775">
         <name>_fseek</name>
         <value>0x31b7a9</value>
         <object_component_ref idref="oc-574"/>
      </symbol>
      <symbol id="sm-2782">
         <name>_lseek</name>
         <value>0x31bb97</value>
         <object_component_ref idref="oc-58b"/>
      </symbol>
      <symbol id="sm-2790">
         <name>_ltoa</name>
         <value>0x31b8b6</value>
         <object_component_ref idref="oc-56f"/>
      </symbol>
      <symbol id="sm-279f">
         <name>_memccpy</name>
         <value>0x31bc20</value>
         <object_component_ref idref="oc-572"/>
      </symbol>
      <symbol id="sm-27ae">
         <name>_memchr</name>
         <value>0x31bc02</value>
         <object_component_ref idref="oc-56d"/>
      </symbol>
      <symbol id="sm-27c4">
         <name>_setvbuf</name>
         <value>0x31acf6</value>
         <object_component_ref idref="oc-575"/>
      </symbol>
      <symbol id="sm-27d3">
         <name>_strrchr</name>
         <value>0x31bc39</value>
         <object_component_ref idref="oc-576"/>
      </symbol>
      <symbol id="sm-282f">
         <name>_strtod</name>
         <value>0x318e9a</value>
         <object_component_ref idref="oc-57c"/>
      </symbol>
      <symbol id="sm-2830">
         <name>_strtof</name>
         <value>0x318e9a</value>
         <object_component_ref idref="oc-57c"/>
      </symbol>
      <symbol id="sm-2855">
         <name>_strtol</name>
         <value>0x31a648</value>
         <object_component_ref idref="oc-57e"/>
      </symbol>
      <symbol id="sm-28bc">
         <name>_strtold</name>
         <value>0x31899b</value>
         <object_component_ref idref="oc-57b"/>
      </symbol>
      <symbol id="sm-28e2">
         <name>_strtoll</name>
         <value>0x319920</value>
         <object_component_ref idref="oc-57d"/>
      </symbol>
      <symbol id="sm-2905">
         <name>_strtoul</name>
         <value>0x31a7f1</value>
         <object_component_ref idref="oc-57a"/>
      </symbol>
      <symbol id="sm-2927">
         <name>_strtoull</name>
         <value>0x319e4d</value>
         <object_component_ref idref="oc-579"/>
      </symbol>
      <symbol id="sm-2933">
         <name>_HOSTclose</name>
         <value>0x31b963</value>
         <object_component_ref idref="oc-427"/>
      </symbol>
      <symbol id="sm-293f">
         <name>_HOSTlseek</name>
         <value>0x31b1f8</value>
         <object_component_ref idref="oc-42a"/>
      </symbol>
      <symbol id="sm-294e">
         <name>_parmbuf</name>
         <value>0xc338</value>
         <object_component_ref idref="oc-364"/>
      </symbol>
      <symbol id="sm-294f">
         <name>_HOSTopen</name>
         <value>0x31b6ec</value>
         <object_component_ref idref="oc-426"/>
      </symbol>
      <symbol id="sm-295c">
         <name>_HOSTread</name>
         <value>0x31b72c</value>
         <object_component_ref idref="oc-428"/>
      </symbol>
      <symbol id="sm-2968">
         <name>_HOSTrename</name>
         <value>0x31b76b</value>
         <object_component_ref idref="oc-42c"/>
      </symbol>
      <symbol id="sm-2974">
         <name>_HOSTunlink</name>
         <value>0x31b9fd</value>
         <object_component_ref idref="oc-42b"/>
      </symbol>
      <symbol id="sm-2981">
         <name>_HOSTwrite</name>
         <value>0x31b7e6</value>
         <object_component_ref idref="oc-429"/>
      </symbol>
      <symbol id="sm-299a">
         <name>___TI_readmsg</name>
         <value>0x31ac2e</value>
         <object_component_ref idref="oc-45c"/>
      </symbol>
      <symbol id="sm-299b">
         <name>C$$IO$$</name>
         <value>0x31ac29</value>
         <object_component_ref idref="oc-45c"/>
      </symbol>
      <symbol id="sm-299c">
         <name>__CIOBUF_</name>
         <value>0xe400</value>
         <object_component_ref idref="oc-37e"/>
      </symbol>
      <symbol id="sm-299d">
         <name>___TI_writemsg</name>
         <value>0x31abd6</value>
         <object_component_ref idref="oc-45c"/>
      </symbol>
      <symbol id="sm-29b0">
         <name>_frexpl</name>
         <value>0x31b317</value>
         <object_component_ref idref="oc-570"/>
      </symbol>
      <symbol id="sm-29ce">
         <name>_scalbnl</name>
         <value>0x31a952</value>
         <object_component_ref idref="oc-571"/>
      </symbol>
      <symbol id="sm-29cf">
         <name>_ldexpl</name>
         <value>0x31a952</value>
         <object_component_ref idref="oc-571"/>
      </symbol>
      <symbol id="sm-29dc">
         <name>_copysignl</name>
         <value>0x31b9b4</value>
         <object_component_ref idref="oc-58a"/>
      </symbol>
      <symbol id="sm-29f4">
         <name>_scalbn</name>
         <value>0x31b371</value>
         <object_component_ref idref="oc-592"/>
      </symbol>
      <symbol id="sm-29f5">
         <name>_ldexp</name>
         <value>0x31b371</value>
         <object_component_ref idref="oc-592"/>
      </symbol>
      <symbol id="sm-29f6">
         <name>_scalbnf</name>
         <value>0x31b371</value>
         <object_component_ref idref="oc-592"/>
      </symbol>
      <symbol id="sm-29f7">
         <name>_ldexpf</name>
         <value>0x31b371</value>
         <object_component_ref idref="oc-592"/>
      </symbol>
      <symbol id="sm-2a12">
         <name>FD$$ADD</name>
         <value>0x31aa9e</value>
         <object_component_ref idref="oc-39a"/>
      </symbol>
      <symbol id="sm-2a22">
         <name>FD$$CMP</name>
         <value>0x31b8e6</value>
         <object_component_ref idref="oc-39f"/>
      </symbol>
      <symbol id="sm-2a39">
         <name>FD$$DIV</name>
         <value>0x31ac6b</value>
         <object_component_ref idref="oc-3a4"/>
      </symbol>
      <symbol id="sm-2a46">
         <name>FD$$NEG</name>
         <value>0x31bc6b</value>
         <object_component_ref idref="oc-3a9"/>
      </symbol>
      <symbol id="sm-2a52">
         <name>FD$$SUB</name>
         <value>0x31bc12</value>
         <object_component_ref idref="oc-3ae"/>
      </symbol>
      <symbol id="sm-2a61">
         <name>FD$$TOI</name>
         <value>0x31ba43</value>
         <object_component_ref idref="oc-3b3"/>
      </symbol>
      <symbol id="sm-2a6f">
         <name>ULL$$CMP</name>
         <value>0x31bab5</value>
         <object_component_ref idref="oc-3b8"/>
      </symbol>
      <symbol id="sm-2a70">
         <name>LL$$CMP</name>
         <value>0x31baa3</value>
         <object_component_ref idref="oc-3b8"/>
      </symbol>
      <symbol id="sm-2a9c">
         <name>ULL$$MOD</name>
         <value>0x31a238</value>
         <object_component_ref idref="oc-3bd"/>
      </symbol>
      <symbol id="sm-2a9d">
         <name>ULL$$DIV</name>
         <value>0x31a209</value>
         <object_component_ref idref="oc-3bd"/>
      </symbol>
      <symbol id="sm-2a9e">
         <name>LL$$MOD</name>
         <value>0x31a1cf</value>
         <object_component_ref idref="oc-3bd"/>
      </symbol>
      <symbol id="sm-2a9f">
         <name>LL$$DIV</name>
         <value>0x31a193</value>
         <object_component_ref idref="oc-3bd"/>
      </symbol>
      <symbol id="sm-2aab">
         <name>LL$$MPY</name>
         <value>0x31bbdc</value>
         <object_component_ref idref="oc-3c2"/>
      </symbol>
      <symbol id="sm-2abb">
         <name>I$$TOFD</name>
         <value>0x31badf</value>
         <object_component_ref idref="oc-3c7"/>
      </symbol>
      <symbol id="sm-2acb">
         <name>L$$TOFD</name>
         <value>0x31bb18</value>
         <object_component_ref idref="oc-3cc"/>
      </symbol>
      <symbol id="sm-2ad9">
         <name>_wcslen</name>
         <value>0x31bc74</value>
         <object_component_ref idref="oc-573"/>
      </symbol>
      <symbol id="sm-2ae3">
         <name>_errno</name>
         <value>0xcf2a</value>
         <object_component_ref idref="oc-3d8"/>
      </symbol>
      <symbol id="sm-2b2a">
         <name>__sys_memory</name>
         <value>0xdbe0</value>
         <object_component_ref idref="oc-3dd"/>
      </symbol>
      <symbol id="sm-2b2b">
         <name>_chkheap</name>
         <value>0x31944c</value>
         <object_component_ref idref="oc-58c"/>
      </symbol>
      <symbol id="sm-2b2c">
         <name>_realloc</name>
         <value>0x319358</value>
         <object_component_ref idref="oc-58c"/>
      </symbol>
      <symbol id="sm-2b2d">
         <name>_free_memory</name>
         <value>0x31942e</value>
         <object_component_ref idref="oc-58c"/>
      </symbol>
      <symbol id="sm-2b2e">
         <name>_max_free</name>
         <value>0x31940c</value>
         <object_component_ref idref="oc-58c"/>
      </symbol>
      <symbol id="sm-2b2f">
         <name>_free</name>
         <value>0x319291</value>
         <object_component_ref idref="oc-58c"/>
      </symbol>
      <symbol id="sm-2b30">
         <name>_calloc</name>
         <value>0x31944e</value>
         <object_component_ref idref="oc-58c"/>
      </symbol>
      <symbol id="sm-2b31">
         <name>_malloc</name>
         <value>0x3192fa</value>
         <object_component_ref idref="oc-58c"/>
      </symbol>
      <symbol id="sm-2b32">
         <name>_minit</name>
         <value>0x3192d5</value>
         <object_component_ref idref="oc-58c"/>
      </symbol>
      <symbol id="sm-2b68">
         <name>_fopen</name>
         <value>0x31a444</value>
         <object_component_ref idref="oc-58d"/>
      </symbol>
      <symbol id="sm-2b69">
         <name>___TI_cleanup</name>
         <value>0x31a409</value>
         <object_component_ref idref="oc-58d"/>
      </symbol>
      <symbol id="sm-2b6a">
         <name>_freopen</name>
         <value>0x31a426</value>
         <object_component_ref idref="oc-58d"/>
      </symbol>
      <symbol id="sm-2b85">
         <name>_open</name>
         <value>0x31afeb</value>
         <object_component_ref idref="oc-593"/>
      </symbol>
      <symbol id="sm-2b91">
         <name>_copysignf</name>
         <value>0x31bbf0</value>
         <object_component_ref idref="oc-595"/>
      </symbol>
      <symbol id="sm-2b92">
         <name>_copysign</name>
         <value>0x31bbf0</value>
         <object_component_ref idref="oc-595"/>
      </symbol>
      <symbol id="sm-2ba3">
         <name>___TI_closefile</name>
         <value>0x31b2b8</value>
         <object_component_ref idref="oc-594"/>
      </symbol>
      <symbol id="sm-2ba4">
         <name>_fclose</name>
         <value>0x31b2fc</value>
         <object_component_ref idref="oc-594"/>
      </symbol>
      <symbol id="sm-2bb5">
         <name>_finddevice</name>
         <value>0x31b521</value>
         <object_component_ref idref="oc-596"/>
      </symbol>
      <symbol id="sm-2bb6">
         <name>_getdevice</name>
         <value>0x31b53c</value>
         <object_component_ref idref="oc-596"/>
      </symbol>
      <symbol id="sm-2bc2">
         <name>_remove</name>
         <value>0x31bc9b</value>
         <object_component_ref idref="oc-598"/>
      </symbol>
      <symbol id="sm-2bd2">
         <name>_strncpy</name>
         <value>0x31bac1</value>
         <object_component_ref idref="oc-599"/>
      </symbol>
      <symbol id="sm-2bde">
         <name>_unlink</name>
         <value>0x31bb4d</value>
         <object_component_ref idref="oc-59a"/>
      </symbol>
      <symbol id="sm-2bee">
         <name>_close</name>
         <value>0x31b852</value>
         <object_component_ref idref="oc-597"/>
      </symbol>
   </symbol_table>
   <title>Link successful</title>
</link_info>
